// Jest Snapshot v1, https://goo.gl/fbAQLP

exports[`rendering renders correctly with all props 1`] = `
<div>
  <h1>
    Title
  </h1>
  <div>
    Content
  </div>
</div>
`;

exports[`rendering renders correctly with mandatory props only 1`] = `
<div>
  <h1>
    Title
  </h1>
  <div>
    Content
  </div>
</div>
`;
