// Jest Snapshot v1, https://goo.gl/fbAQLP

exports[`rendering renders correctly 1`] = `
<div
  className="container"
>
  <img
    alt="layout:title"
    className="logo"
    height={141}
    src={Object {}}
    width={302}
  />
  <div
    className="_1xH5OgCM"
  >
    <div
      className="_2pCnT_fp"
    >
      layout:title
    </div>
    <div
      className="_1LqV5ROb"
    >
      <form
        onSubmit={[Function]}
      >
        <div
          className="mb-3"
        >
          <ForwardRef(withForwardedRef(c))
            autoComplete="username"
            changeHandler={[Function]}
            fullWidth={true}
            id="resetEmailInput"
            label="user:element.email"
            required={true}
            type="email"
          >
            <label
              className="_3yDmdJNi
        _1hLzNevO
        
        _3YCcUzUr
        FUf0CdvL
        _3o17OJby
        
        
        _1RuTCzuC"
              htmlFor="resetEmailInput"
              id="resetEmailInput__label"
              style={Object {}}
            >
              <div
                className="_2bJzQO6p"
                id="resetEmailInput__labelText"
              >
                user:element.email
              </div>
              <div
                className="_1Nm2afhb"
              >
                <div
                  className="_3NDuxsmR"
                >
                  <input
                    autoComplete="username"
                    className="dZrOwzNX"
                    disabled={false}
                    id="resetEmailInput"
                    onChange={[Function]}
                    placeholder={null}
                    required={true}
                    size={null}
                    type="email"
                  />
                </div>
              </div>
            </label>
          </ForwardRef(withForwardedRef(c))>
        </div>
        <ForwardRef(withForwardedRef(c))
          block={true}
          label="login:action.resetPassword"
          type="submit"
        >
          <button
            className="_3zrxRSxl
        hcWO8Peq
        _168V18-G
        _30PKnizS
        dk3xheVK"
            disabled={false}
            onClick={null}
            title={null}
            type="submit"
          >
            <span
              className="_3YN6eZ6q"
            >
              login:action.resetPassword
            </span>
          </button>
        </ForwardRef(withForwardedRef(c))>
      </form>
      <div
        className="_3fZejL8_"
      >
        <Link
          to="/login"
        >
          <LinkAnchor
            href="/login"
            navigate={[Function]}
          >
            <a
              href="/login"
              onClick={[Function]}
            >
              login:action.login
            </a>
          </LinkAnchor>
        </Link>
      </div>
    </div>
  </div>
</div>
`;
