// Jest Snapshot v1, https://goo.gl/fbAQLP

exports[`rendering renders correctly 1`] = `
<div
  className="container"
>
  <img
    alt="layout:title"
    className="logo"
    height={141}
    src={Object {}}
    width={240}
  />
  <div
    className="ForgotPassword__root___1LY6r"
  >
    <div
      className="ForgotPassword__title___1fc-l"
    >
      layout:title
    </div>
    <div
      className="ForgotPassword__box___229BJ"
    >
      <form
        onSubmit={[Function]}
      >
        <div
          className="TextField__root___3Dilx"
        >
          <label
            htmlFor="resetEmail"
          >
            <div
              className="TextField__isLabelRequired___3cGdN TextField__label___3IwCj"
            >
              user:element.email
            </div>
            <input
              className="TextField__input___7fOry"
              disabled={false}
              id="resetEmail"
              onChange={[Function]}
              placeholder={null}
              required={true}
              type="email"
            />
          </label>
        </div>
        <button
          className="Button__root___1d_g4
        Button__priorityPrimary___3cllH
        Button__sizeMedium___3hH6Z
        
        
        Button__block___3gIv0"
          disabled={false}
          onClick={null}
          title={null}
          type="submit"
        >
          <span>
            login:action.resetPassword
          </span>
        </button>
      </form>
      <div
        className="ForgotPassword__footer___2Ah-d"
      >
        <a
          href="/login"
          onClick={[Function]}
        >
          login:action.login
        </a>
      </div>
    </div>
  </div>
</div>
`;
