// Jest Snapshot v1, https://goo.gl/fbAQLP

exports[`rendering renders correctly 1`] = `
<div
  className="container"
>
  <svgr-mock
    alt="layout:title"
    className="logo"
    height={141}
    width={302}
  />
  <div
    className="box"
  >
    <div
      className="title"
    >
      layout:title
    </div>
    <div
      className="Card__root__v9QuowQ2 Card__rootColorLight__5YoQ8fwa Card__rootRaised__pWtZp1IK"
    >
      <div
        className="Card__body__NV5VWdZw"
      >
        <form
          onSubmit={[Function]}
        >
          <div
            className="FormLayout__root__VuhYS7MF FormLayout__rootFieldLayoutVertical__P52sT0c-"
          >
            <label
              className="TextField__root__-CnhpfBr TextField__isRootFullWidth__2QI4JCSw TextField__isRootInFormLayout__54LhSnIJ TextField__rootLayoutVertical__da8tPfcc TextField__isRootRequired__e3NIJBxc TextField__rootSizeMedium__LvbPjcNJ TextField__rootVariantOutline__SsMHy1HK"
              htmlFor="email"
              id="email__label"
            >
              <div
                className="TextField__label__-nAzBSUI"
                id="email__labelText"
              >
                user:element.email
              </div>
              <div
                className="TextField__field__8FOvcKqB"
              >
                <div
                  className="TextField__inputContainer__t-42E39c"
                >
                  <input
                    autoComplete="username"
                    className="TextField__input__vrAdszzS"
                    disabled={false}
                    id="email"
                    onChange={[Function]}
                    placeholder={null}
                    required={true}
                    size={null}
                    type="email"
                    value=""
                  />
                </div>
              </div>
            </label>
            <button
              className="Button__root__DtkOcjth Button__rootPriorityFilled__2C6g-0nB Button__rootColorPrimary__uQtzm8My Button__rootSizeMedium__0RytHphN Button__rootBlock__Uq7W8NY0"
              disabled={false}
              id="resetPasswordButton"
              type="submit"
            >
              <span
                className="Button__label__kD4bhIKy"
                id="resetPasswordButton__labelText"
              >
                login:action.resetPassword
              </span>
            </button>
          </div>
        </form>
        <div
          className="footer"
        >
          <a
            href="/login"
            onClick={[Function]}
          >
            login:action.login
          </a>
        </div>
      </div>
    </div>
  </div>
</div>
`;
