// Jest Snapshot v1, https://goo.gl/fbAQLP

exports[`rendering renders correctly 1`] = `
<div
  className="container"
>
  <img
    alt="layout:title"
    className="logo"
    height={141}
    src={Object {}}
    width={302}
  />
  <div
    className="Login__root__3b2rRaWo"
  >
    <div
      className="Login__title__AI0MYeEO"
    >
      layout:title
    </div>
    <div
      className="Login__box__1Y7LObkb"
    >
      <form
        onSubmit={[Function]}
      >
        <div
          className="mb-3"
        >
          <label
            className="TextField__root__3yDmdJNi
        TextField__isRootFullWidth__1hLzNevO
        
        TextField__rootLayoutVertical__3YCcUzUr
        TextField__isRootRequired__FUf0CdvL
        TextField__rootSizeMedium__3o17OJby
        
        
        TextField__rootVariantOutline__1RuTCzuC"
            htmlFor="usernameInput"
            id="usernameInput__label"
            style={Object {}}
          >
            <div
              className="TextField__label__2bJzQO6p"
              id="usernameInput__labelText"
            >
              user:element.email
            </div>
            <div
              className="TextField__field__1Nm2afhb"
            >
              <div
                className="TextField__inputContainer__3NDuxsmR"
              >
                <input
                  autoComplete="username"
                  className="TextField__input__dZrOwzNX"
                  disabled={false}
                  id="usernameInput"
                  onChange={[Function]}
                  placeholder={null}
                  required={true}
                  size={null}
                  type="email"
                />
              </div>
            </div>
          </label>
          <label
            className="TextField__root__3yDmdJNi
        TextField__isRootFullWidth__1hLzNevO
        
        TextField__rootLayoutVertical__3YCcUzUr
        TextField__isRootRequired__FUf0CdvL
        TextField__rootSizeMedium__3o17OJby
        
        
        TextField__rootVariantOutline__1RuTCzuC"
            htmlFor="passwordInput"
            id="passwordInput__label"
            style={Object {}}
          >
            <div
              className="TextField__label__2bJzQO6p"
              id="passwordInput__labelText"
            >
              user:element.plainPassword
            </div>
            <div
              className="TextField__field__1Nm2afhb"
            >
              <div
                className="TextField__inputContainer__3NDuxsmR"
              >
                <input
                  autoComplete="current-password"
                  className="TextField__input__dZrOwzNX"
                  disabled={false}
                  id="passwordInput"
                  onChange={[Function]}
                  placeholder={null}
                  required={true}
                  size={null}
                  type="password"
                />
              </div>
            </div>
          </label>
        </div>
        <button
          className="Button__root__3zrxRSxl
        Button__priorityDefault__hcWO8Peq
        Button__sizeMedium__168V18-G
        Button__variantPrimary__30PKnizS
        Button__isRootBlock__dk3xheVK"
          disabled={false}
          onClick={null}
          title={null}
          type="submit"
        >
          <span
            className="Button__label__3YN6eZ6q"
          >
            login:action.signIn
          </span>
        </button>
      </form>
      <div
        className="Login__footer__67Uz6zIb"
      >
        <a
          href="/forgot-password"
          onClick={[Function]}
        >
          login:action.forgotPassword
        </a>
      </div>
    </div>
  </div>
</div>
`;
