// Jest Snapshot v1, https://goo.gl/fbAQLP

exports[`rendering renders correctly 1`] = `
<div
  className="container"
>
  <img
    alt="layout:title"
    className="logo"
    height={141}
    src={Object {}}
    width={302}
  />
  <div
    className="Login__root___1xLjB"
  >
    <div
      className="Login__title___15StL"
    >
      layout:title
    </div>
    <div
      className="Login__box___30juA"
    >
      <form
        onSubmit={[Function]}
      >
        <div
          className="TextField__root___3Dilx"
        >
          <label
            htmlFor="email"
          >
            <div
              className="TextField__isLabelRequired___3cGdN TextField__label___3IwCj"
            >
              user:element.email
            </div>
            <input
              className="TextField__input___7fOry"
              disabled={false}
              id="email"
              onChange={[Function]}
              placeholder={null}
              required={true}
              type="email"
            />
          </label>
        </div>
        <div
          className="TextField__root___3Dilx"
        >
          <label
            htmlFor="password"
          >
            <div
              className="TextField__isLabelRequired___3cGdN TextField__label___3IwCj"
            >
              user:element.plainPassword
            </div>
            <input
              className="TextField__input___7fOry"
              disabled={false}
              id="password"
              onChange={[Function]}
              placeholder={null}
              required={true}
              type="password"
            />
          </label>
        </div>
        <button
          className="Button__root___1d_g4
        Button__priorityPrimary___3cllH
        Button__sizeMedium___3hH6Z
        
        
        Button__block___3gIv0"
          disabled={false}
          onClick={null}
          title={null}
          type="submit"
        >
          <span>
            login:action.signIn
          </span>
        </button>
      </form>
      <div
        className="Login__footer___WvhVH"
      >
        <a
          href="/forgot-password"
          onClick={[Function]}
        >
          login:action.forgotPassword
        </a>
      </div>
    </div>
  </div>
</div>
`;
