// Jest Snapshot v1, https://goo.gl/fbAQLP

exports[`rendering renders correctly 1`] = `
<div
  className="container"
>
  <img
    alt="layout:title"
    className="logo"
    height={141}
    src={Object {}}
    width={240}
  />
  <Login
    footer={
      <Link
        replace={false}
        to="/forgot-password"
      >
        login:action.forgotPassword
      </Link>
    }
    hasError={false}
    logoUrl={null}
    onChangeHandler={[Function]}
    submitHandler={[Function]}
    title="layout:title"
    usernameType="email"
  />
</div>
`;
