// Jest Snapshot v1, https://goo.gl/fbAQLP

exports[`rendering renders correctly 1`] = `
<div
  className="container"
>
  <img
    alt="layout:title"
    className="logo"
    height={141}
    src={Object {}}
    width={240}
  />
  <div
    className="NewPassword__root___jYeT7"
  >
    <div
      className="NewPassword__title___3eFdD"
    >
      layout:title
    </div>
    <div
      className="NewPassword__box___1r5T8"
    >
      <form
        onSubmit={[Function]}
      >
        <div
          className="TextField__root___3Dilx"
        >
          <label
            htmlFor="newPassword"
          >
            <div
              className="TextField__isLabelRequired___3cGdN TextField__label___3IwCj"
            >
              login:element.newPassword
            </div>
            <input
              className="TextField__input___7fOry"
              disabled={false}
              id="newPassword"
              onChange={[Function]}
              placeholder={null}
              required={true}
              type="password"
            />
          </label>
        </div>
        <div
          className="TextField__root___3Dilx"
        >
          <label
            htmlFor="newPasswordRepeat"
          >
            <div
              className="TextField__isLabelRequired___3cGdN TextField__label___3IwCj"
            >
              login:element.repeatNewPassword
            </div>
            <input
              className="TextField__input___7fOry"
              disabled={false}
              id="newPasswordRepeat"
              onChange={[Function]}
              placeholder={null}
              required={true}
              type="password"
            />
          </label>
        </div>
        <button
          className="Button__root___1d_g4
        Button__priorityPrimary___3cllH
        Button__sizeMedium___3hH6Z
        
        
        Button__block___3gIv0"
          disabled={false}
          onClick={null}
          title={null}
          type="submit"
        >
          <span>
            login:action.changePassword
          </span>
        </button>
      </form>
      <div
        className="NewPassword__footer___3p16G"
      >
        <a
          href="/login"
          onClick={[Function]}
        >
          login:action.login
        </a>
      </div>
    </div>
  </div>
</div>
`;
