// Jest Snapshot v1, https://goo.gl/fbAQLP

exports[`rendering renders correctly 1`] = `
<div
  className="container"
>
  <img
    alt="layout:title"
    className="logo"
    height={141}
    src={Object {}}
    width={302}
  />
  <div
    className="_3WHH0t8q"
  >
    <div
      className="KAzfLVH6"
    >
      layout:title
    </div>
    <div
      className="i2dyGe6h"
    >
      <form
        onSubmit={[Function]}
      >
        <div
          className="mb-3"
        >
          <ForwardRef(withForwardedRef(c))
            autoComplete="new-password"
            changeHandler={[Function]}
            fullWidth={true}
            id="newPasswordInput"
            label="login:element.newPassword"
            required={true}
            type="password"
          >
            <label
              className="_3yDmdJNi
        _1hLzNevO
        
        _3YCcUzUr
        FUf0CdvL
        _3o17OJby
        
        
        _1RuTCzuC"
              htmlFor="newPasswordInput"
              id="newPasswordInput__label"
              style={Object {}}
            >
              <div
                className="_2bJzQO6p"
                id="newPasswordInput__labelText"
              >
                login:element.newPassword
              </div>
              <div
                className="_1Nm2afhb"
              >
                <div
                  className="_3NDuxsmR"
                >
                  <input
                    autoComplete="new-password"
                    className="dZrOwzNX"
                    disabled={false}
                    id="newPasswordInput"
                    onChange={[Function]}
                    placeholder={null}
                    required={true}
                    size={null}
                    type="password"
                  />
                </div>
              </div>
            </label>
          </ForwardRef(withForwardedRef(c))>
          <ForwardRef(withForwardedRef(c))
            autoComplete="new-password"
            changeHandler={[Function]}
            fullWidth={true}
            id="newPasswordRepeatInput"
            label="login:element.repeatNewPassword"
            required={true}
            type="password"
          >
            <label
              className="_3yDmdJNi
        _1hLzNevO
        
        _3YCcUzUr
        FUf0CdvL
        _3o17OJby
        
        
        _1RuTCzuC"
              htmlFor="newPasswordRepeatInput"
              id="newPasswordRepeatInput__label"
              style={Object {}}
            >
              <div
                className="_2bJzQO6p"
                id="newPasswordRepeatInput__labelText"
              >
                login:element.repeatNewPassword
              </div>
              <div
                className="_1Nm2afhb"
              >
                <div
                  className="_3NDuxsmR"
                >
                  <input
                    autoComplete="new-password"
                    className="dZrOwzNX"
                    disabled={false}
                    id="newPasswordRepeatInput"
                    onChange={[Function]}
                    placeholder={null}
                    required={true}
                    size={null}
                    type="password"
                  />
                </div>
              </div>
            </label>
          </ForwardRef(withForwardedRef(c))>
        </div>
        <ForwardRef(withForwardedRef(c))
          block={true}
          label="login:action.changePassword"
          type="submit"
        >
          <button
            className="_3zrxRSxl
        hcWO8Peq
        _168V18-G
        _30PKnizS
        dk3xheVK"
            disabled={false}
            onClick={null}
            title={null}
            type="submit"
          >
            <span
              className="_3YN6eZ6q"
            >
              login:action.changePassword
            </span>
          </button>
        </ForwardRef(withForwardedRef(c))>
      </form>
      <div
        className="_1RBGwF6G"
      >
        <Link
          to="/login"
        >
          <LinkAnchor
            href="/login"
            navigate={[Function]}
          >
            <a
              href="/login"
              onClick={[Function]}
            >
              login:action.login
            </a>
          </LinkAnchor>
        </Link>
      </div>
    </div>
  </div>
</div>
`;
