// Jest Snapshot v1, https://goo.gl/fbAQLP

exports[`rendering renders correctly 1`] = `
<div
  className="container"
>
  <img
    alt="layout:title"
    className="logo"
    height={141}
    src={Object {}}
    width={302}
  />
  <div
    className="NewPassword__root___x2h5s"
  >
    <div
      className="NewPassword__title___2oIVt"
    >
      layout:title
    </div>
    <div
      className="NewPassword__box___vrnnl"
    >
      <form
        onSubmit={[Function]}
      >
        <div
          className="TextField__root___klT1b"
        >
          <label
            htmlFor="newPassword"
          >
            <div
              className="TextField__isLabelRequired___2Su3s TextField__label___3ot1c"
            >
              login:element.newPassword
            </div>
            <input
              className="TextField__input___1q3SS"
              disabled={false}
              id="newPassword"
              onChange={[Function]}
              placeholder={null}
              required={true}
              type="password"
            />
          </label>
        </div>
        <div
          className="TextField__root___klT1b"
        >
          <label
            htmlFor="newPasswordRepeat"
          >
            <div
              className="TextField__isLabelRequired___2Su3s TextField__label___3ot1c"
            >
              login:element.repeatNewPassword
            </div>
            <input
              className="TextField__input___1q3SS"
              disabled={false}
              id="newPasswordRepeat"
              onChange={[Function]}
              placeholder={null}
              required={true}
              type="password"
            />
          </label>
        </div>
        <button
          className="Button__root___1siS8
        Button__priorityPrimary___2lQD8
        Button__sizeMedium___Ljlz9
        
        
        Button__block___3XuHQ"
          disabled={false}
          onClick={null}
          title="login:action.changePassword"
          type="submit"
        >
          <span>
            login:action.changePassword
          </span>
        </button>
      </form>
      <div
        className="NewPassword__footer___1qWmO"
      >
        <a
          href="/login"
          onClick={[Function]}
        >
          login:action.login
        </a>
      </div>
    </div>
  </div>
</div>
`;
