// Jest Snapshot v1, https://goo.gl/fbAQLP

exports[`rendering renders correctly with closed work month 1`] = `
<div>
  <nav
    className="navigation"
  >
    <div
      className="navigationPrevious"
    >
      <Button
        block={false}
        clickHandler={[Function]}
        disabled={false}
        icon="keyboard_arrow_left"
        iconPosition="before"
        isLabelVisible={true}
        label="Previous"
        loading={false}
        priority="primary"
        size="medium"
        type="button"
        variant="default"
      />
    </div>
    <div>
      <div>
        <h2
          className="navigationTitle"
        >
          January 2018
        </h2>
        <span
          className="navigationSubtitle"
        >
          0:00 h out of 0 h
        </span>
      </div>
      <Button
        block={false}
        clickHandler={[Function]}
        disabled={false}
        icon={null}
        iconPosition="before"
        isLabelVisible={true}
        label="Approved"
        loading={false}
        priority="primary"
        size="medium"
        type="button"
        variant="success"
      />
    </div>
    <div
      className="navigationNext"
    >
      <Button
        block={false}
        clickHandler={[Function]}
        disabled={false}
        icon="keyboard_arrow_right"
        iconPosition="after"
        isLabelVisible={true}
        label="Next"
        loading={false}
        priority="primary"
        size="medium"
        type="button"
        variant="default"
      />
    </div>
  </nav>
  <div
    className="tableWrapper"
  >
    <table
      className="table"
    >
      <tbody>
        <tr
          className="tableRowWeekend"
          key="1"
        >
          <td
            className="tableCell"
          >
            <div
              className="date"
            >
              01/01/2018
            </div>
            <div
              className="dayInWeek"
            >
              Monday
            </div>
          </td>
          <td
            className="tableCell"
          />
          <td
            className="tableCellRight"
          >
            0
            :
            0
            0
             h
          </td>
        </tr>
        <tr
          className="tableRow"
          key="2"
        >
          <td
            className="tableCell"
          >
            <div
              className="date"
            >
              01/02/2018
            </div>
            <div
              className="dayInWeek"
            >
              Tuesday
            </div>
          </td>
          <td
            className="tableCell"
          />
          <td
            className="tableCellRight"
          >
            0
            :
            0
            0
             h
          </td>
        </tr>
        <tr
          className="tableRow"
          key="3"
        >
          <td
            className="tableCell"
          >
            <div
              className="date"
            >
              01/03/2018
            </div>
            <div
              className="dayInWeek"
            >
              Wednesday
            </div>
          </td>
          <td
            className="tableCell"
          />
          <td
            className="tableCellRight"
          >
            0
            :
            0
            0
             h
          </td>
        </tr>
        <tr
          className="tableRow"
          key="4"
        >
          <td
            className="tableCell"
          >
            <div
              className="date"
            >
              01/04/2018
            </div>
            <div
              className="dayInWeek"
            >
              Thursday
            </div>
          </td>
          <td
            className="tableCell"
          />
          <td
            className="tableCellRight"
          >
            0
            :
            0
            0
             h
          </td>
        </tr>
        <tr
          className="tableRow"
          key="5"
        >
          <td
            className="tableCell"
          >
            <div
              className="date"
            >
              01/05/2018
            </div>
            <div
              className="dayInWeek"
            >
              Friday
            </div>
          </td>
          <td
            className="tableCell"
          />
          <td
            className="tableCellRight"
          >
            0
            :
            0
            0
             h
          </td>
        </tr>
        <tr
          className="tableRowWeekend"
          key="6"
        >
          <td
            className="tableCell"
          >
            <div
              className="date"
            >
              01/06/2018
            </div>
            <div
              className="dayInWeek"
            >
              Saturday
            </div>
          </td>
          <td
            className="tableCell"
          />
          <td
            className="tableCellRight"
          >
            0
            :
            0
            0
             h
          </td>
        </tr>
        <tr
          className="tableRowWeekend"
          key="7"
        >
          <td
            className="tableCell"
          >
            <div
              className="date"
            >
              01/07/2018
            </div>
            <div
              className="dayInWeek"
            >
              Sunday
            </div>
          </td>
          <td
            className="tableCell"
          />
          <td
            className="tableCellRight"
          >
            0
            :
            0
            0
             h
          </td>
        </tr>
        <tr
          className="tableRow"
          key="8"
        >
          <td
            className="tableCell"
          >
            <div
              className="date"
            >
              01/08/2018
            </div>
            <div
              className="dayInWeek"
            >
              Monday
            </div>
          </td>
          <td
            className="tableCell"
          />
          <td
            className="tableCellRight"
          >
            0
            :
            0
            0
             h
          </td>
        </tr>
        <tr
          className="tableRow"
          key="9"
        >
          <td
            className="tableCell"
          >
            <div
              className="date"
            >
              01/09/2018
            </div>
            <div
              className="dayInWeek"
            >
              Tuesday
            </div>
          </td>
          <td
            className="tableCell"
          />
          <td
            className="tableCellRight"
          >
            0
            :
            0
            0
             h
          </td>
        </tr>
        <tr
          className="tableRow"
          key="10"
        >
          <td
            className="tableCell"
          >
            <div
              className="date"
            >
              01/10/2018
            </div>
            <div
              className="dayInWeek"
            >
              Wednesday
            </div>
          </td>
          <td
            className="tableCell"
          />
          <td
            className="tableCellRight"
          >
            0
            :
            0
            0
             h
          </td>
        </tr>
        <tr
          className="tableRow"
          key="11"
        >
          <td
            className="tableCell"
          >
            <div
              className="date"
            >
              01/11/2018
            </div>
            <div
              className="dayInWeek"
            >
              Thursday
            </div>
          </td>
          <td
            className="tableCell"
          />
          <td
            className="tableCellRight"
          >
            0
            :
            0
            0
             h
          </td>
        </tr>
        <tr
          className="tableRow"
          key="12"
        >
          <td
            className="tableCell"
          >
            <div
              className="date"
            >
              01/12/2018
            </div>
            <div
              className="dayInWeek"
            >
              Friday
            </div>
          </td>
          <td
            className="tableCell"
          />
          <td
            className="tableCellRight"
          >
            0
            :
            0
            0
             h
          </td>
        </tr>
        <tr
          className="tableRowWeekend"
          key="13"
        >
          <td
            className="tableCell"
          >
            <div
              className="date"
            >
              01/13/2018
            </div>
            <div
              className="dayInWeek"
            >
              Saturday
            </div>
          </td>
          <td
            className="tableCell"
          />
          <td
            className="tableCellRight"
          >
            0
            :
            0
            0
             h
          </td>
        </tr>
        <tr
          className="tableRowWeekend"
          key="14"
        >
          <td
            className="tableCell"
          >
            <div
              className="date"
            >
              01/14/2018
            </div>
            <div
              className="dayInWeek"
            >
              Sunday
            </div>
          </td>
          <td
            className="tableCell"
          />
          <td
            className="tableCellRight"
          >
            0
            :
            0
            0
             h
          </td>
        </tr>
        <tr
          className="tableRow"
          key="15"
        >
          <td
            className="tableCell"
          >
            <div
              className="date"
            >
              01/15/2018
            </div>
            <div
              className="dayInWeek"
            >
              Monday
            </div>
          </td>
          <td
            className="tableCell"
          />
          <td
            className="tableCellRight"
          >
            0
            :
            0
            0
             h
          </td>
        </tr>
        <tr
          className="tableRow"
          key="16"
        >
          <td
            className="tableCell"
          >
            <div
              className="date"
            >
              01/16/2018
            </div>
            <div
              className="dayInWeek"
            >
              Tuesday
            </div>
          </td>
          <td
            className="tableCell"
          />
          <td
            className="tableCellRight"
          >
            0
            :
            0
            0
             h
          </td>
        </tr>
        <tr
          className="tableRow"
          key="17"
        >
          <td
            className="tableCell"
          >
            <div
              className="date"
            >
              01/17/2018
            </div>
            <div
              className="dayInWeek"
            >
              Wednesday
            </div>
          </td>
          <td
            className="tableCell"
          />
          <td
            className="tableCellRight"
          >
            0
            :
            0
            0
             h
          </td>
        </tr>
        <tr
          className="tableRow"
          key="18"
        >
          <td
            className="tableCell"
          >
            <div
              className="date"
            >
              01/18/2018
            </div>
            <div
              className="dayInWeek"
            >
              Thursday
            </div>
          </td>
          <td
            className="tableCell"
          />
          <td
            className="tableCellRight"
          >
            0
            :
            0
            0
             h
          </td>
        </tr>
        <tr
          className="tableRow"
          key="19"
        >
          <td
            className="tableCell"
          >
            <div
              className="date"
            >
              01/19/2018
            </div>
            <div
              className="dayInWeek"
            >
              Friday
            </div>
          </td>
          <td
            className="tableCell"
          />
          <td
            className="tableCellRight"
          >
            0
            :
            0
            0
             h
          </td>
        </tr>
        <tr
          className="tableRowWeekend"
          key="20"
        >
          <td
            className="tableCell"
          >
            <div
              className="date"
            >
              01/20/2018
            </div>
            <div
              className="dayInWeek"
            >
              Saturday
            </div>
          </td>
          <td
            className="tableCell"
          />
          <td
            className="tableCellRight"
          >
            0
            :
            0
            0
             h
          </td>
        </tr>
        <tr
          className="tableRowWeekend"
          key="21"
        >
          <td
            className="tableCell"
          >
            <div
              className="date"
            >
              01/21/2018
            </div>
            <div
              className="dayInWeek"
            >
              Sunday
            </div>
          </td>
          <td
            className="tableCell"
          />
          <td
            className="tableCellRight"
          >
            0
            :
            0
            0
             h
          </td>
        </tr>
        <tr
          className="tableRow"
          key="22"
        >
          <td
            className="tableCell"
          >
            <div
              className="date"
            >
              01/22/2018
            </div>
            <div
              className="dayInWeek"
            >
              Monday
            </div>
          </td>
          <td
            className="tableCell"
          />
          <td
            className="tableCellRight"
          >
            0
            :
            0
            0
             h
          </td>
        </tr>
        <tr
          className="tableRow"
          key="23"
        >
          <td
            className="tableCell"
          >
            <div
              className="date"
            >
              01/23/2018
            </div>
            <div
              className="dayInWeek"
            >
              Tuesday
            </div>
          </td>
          <td
            className="tableCell"
          />
          <td
            className="tableCellRight"
          >
            0
            :
            0
            0
             h
          </td>
        </tr>
        <tr
          className="tableRow"
          key="24"
        >
          <td
            className="tableCell"
          >
            <div
              className="date"
            >
              01/24/2018
            </div>
            <div
              className="dayInWeek"
            >
              Wednesday
            </div>
          </td>
          <td
            className="tableCell"
          />
          <td
            className="tableCellRight"
          >
            0
            :
            0
            0
             h
          </td>
        </tr>
        <tr
          className="tableRow"
          key="25"
        >
          <td
            className="tableCell"
          >
            <div
              className="date"
            >
              01/25/2018
            </div>
            <div
              className="dayInWeek"
            >
              Thursday
            </div>
          </td>
          <td
            className="tableCell"
          />
          <td
            className="tableCellRight"
          >
            0
            :
            0
            0
             h
          </td>
        </tr>
        <tr
          className="tableRow"
          key="26"
        >
          <td
            className="tableCell"
          >
            <div
              className="date"
            >
              01/26/2018
            </div>
            <div
              className="dayInWeek"
            >
              Friday
            </div>
          </td>
          <td
            className="tableCell"
          />
          <td
            className="tableCellRight"
          >
            0
            :
            0
            0
             h
          </td>
        </tr>
        <tr
          className="tableRowWeekend"
          key="27"
        >
          <td
            className="tableCell"
          >
            <div
              className="date"
            >
              01/27/2018
            </div>
            <div
              className="dayInWeek"
            >
              Saturday
            </div>
          </td>
          <td
            className="tableCell"
          />
          <td
            className="tableCellRight"
          >
            0
            :
            0
            0
             h
          </td>
        </tr>
        <tr
          className="tableRowWeekend"
          key="28"
        >
          <td
            className="tableCell"
          >
            <div
              className="date"
            >
              01/28/2018
            </div>
            <div
              className="dayInWeek"
            >
              Sunday
            </div>
          </td>
          <td
            className="tableCell"
          />
          <td
            className="tableCellRight"
          >
            0
            :
            0
            0
             h
          </td>
        </tr>
        <tr
          className="tableRow"
          key="29"
        >
          <td
            className="tableCell"
          >
            <div
              className="date"
            >
              01/29/2018
            </div>
            <div
              className="dayInWeek"
            >
              Monday
            </div>
          </td>
          <td
            className="tableCell"
          />
          <td
            className="tableCellRight"
          >
            0
            :
            0
            0
             h
          </td>
        </tr>
        <tr
          className="tableRow"
          key="30"
        >
          <td
            className="tableCell"
          >
            <div
              className="date"
            >
              01/30/2018
            </div>
            <div
              className="dayInWeek"
            >
              Tuesday
            </div>
          </td>
          <td
            className="tableCell"
          />
          <td
            className="tableCellRight"
          >
            0
            :
            0
            0
             h
          </td>
        </tr>
        <tr
          className="tableRow"
          key="31"
        >
          <td
            className="tableCell"
          >
            <div
              className="date"
            >
              01/31/2018
            </div>
            <div
              className="dayInWeek"
            >
              Wednesday
            </div>
          </td>
          <td
            className="tableCell"
          />
          <td
            className="tableCellRight"
          >
            0
            :
            0
            0
             h
          </td>
        </tr>
      </tbody>
    </table>
  </div>
</div>
`;

exports[`rendering renders correctly with opened work month 1`] = `
<div>
  <nav
    className="navigation"
  >
    <div
      className="navigationPrevious"
    >
      <Button
        block={false}
        clickHandler={[Function]}
        disabled={false}
        icon="keyboard_arrow_left"
        iconPosition="before"
        isLabelVisible={true}
        label="Previous"
        loading={false}
        priority="primary"
        size="medium"
        type="button"
        variant="default"
      />
    </div>
    <div>
      <div>
        <h2
          className="navigationTitle"
        >
          January 2018
        </h2>
        <span
          className="navigationSubtitle"
        >
          0:00 h out of 0 h
        </span>
      </div>
    </div>
    <div
      className="navigationNext"
    >
      <Button
        block={false}
        clickHandler={[Function]}
        disabled={false}
        icon="keyboard_arrow_right"
        iconPosition="after"
        isLabelVisible={true}
        label="Next"
        loading={false}
        priority="primary"
        size="medium"
        type="button"
        variant="default"
      />
    </div>
  </nav>
  <div
    className="tableWrapper"
  >
    <table
      className="table"
    >
      <tbody>
        <tr
          className="tableRowWeekend"
          key="1"
        >
          <td
            className="tableCell"
          >
            <div
              className="date"
            >
              01/01/2018
            </div>
            <div
              className="dayInWeek"
            >
              Monday
            </div>
          </td>
          <td
            className="tableCell"
          />
          <td
            className="tableCellRight"
          >
            <div
              className="addWorkLogButtonWrapper"
            >
              <Button
                block={false}
                clickHandler={[Function]}
                disabled={false}
                icon="add"
                iconPosition="before"
                isLabelVisible={true}
                label="Add work log"
                loading={false}
                priority="default"
                size="medium"
                type="button"
                variant="default"
              />
            </div>
          </td>
          <td
            className="tableCellRight"
          >
            0
            :
            0
            0
             h
          </td>
        </tr>
        <tr
          className="tableRow"
          key="2"
        >
          <td
            className="tableCell"
          >
            <div
              className="date"
            >
              01/02/2018
            </div>
            <div
              className="dayInWeek"
            >
              Tuesday
            </div>
          </td>
          <td
            className="tableCell"
          />
          <td
            className="tableCellRight"
          >
            <div
              className="addWorkLogButtonWrapper"
            >
              <Button
                block={false}
                clickHandler={[Function]}
                disabled={false}
                icon="add"
                iconPosition="before"
                isLabelVisible={true}
                label="Add work log"
                loading={false}
                priority="default"
                size="medium"
                type="button"
                variant="default"
              />
            </div>
          </td>
          <td
            className="tableCellRight"
          >
            0
            :
            0
            0
             h
          </td>
        </tr>
        <tr
          className="tableRow"
          key="3"
        >
          <td
            className="tableCell"
          >
            <div
              className="date"
            >
              01/03/2018
            </div>
            <div
              className="dayInWeek"
            >
              Wednesday
            </div>
          </td>
          <td
            className="tableCell"
          />
          <td
            className="tableCellRight"
          >
            <div
              className="addWorkLogButtonWrapper"
            >
              <Button
                block={false}
                clickHandler={[Function]}
                disabled={false}
                icon="add"
                iconPosition="before"
                isLabelVisible={true}
                label="Add work log"
                loading={false}
                priority="default"
                size="medium"
                type="button"
                variant="default"
              />
            </div>
          </td>
          <td
            className="tableCellRight"
          >
            0
            :
            0
            0
             h
          </td>
        </tr>
        <tr
          className="tableRow"
          key="4"
        >
          <td
            className="tableCell"
          >
            <div
              className="date"
            >
              01/04/2018
            </div>
            <div
              className="dayInWeek"
            >
              Thursday
            </div>
          </td>
          <td
            className="tableCell"
          />
          <td
            className="tableCellRight"
          >
            <div
              className="addWorkLogButtonWrapper"
            >
              <Button
                block={false}
                clickHandler={[Function]}
                disabled={false}
                icon="add"
                iconPosition="before"
                isLabelVisible={true}
                label="Add work log"
                loading={false}
                priority="default"
                size="medium"
                type="button"
                variant="default"
              />
            </div>
          </td>
          <td
            className="tableCellRight"
          >
            0
            :
            0
            0
             h
          </td>
        </tr>
        <tr
          className="tableRow"
          key="5"
        >
          <td
            className="tableCell"
          >
            <div
              className="date"
            >
              01/05/2018
            </div>
            <div
              className="dayInWeek"
            >
              Friday
            </div>
          </td>
          <td
            className="tableCell"
          />
          <td
            className="tableCellRight"
          >
            <div
              className="addWorkLogButtonWrapper"
            >
              <Button
                block={false}
                clickHandler={[Function]}
                disabled={false}
                icon="add"
                iconPosition="before"
                isLabelVisible={true}
                label="Add work log"
                loading={false}
                priority="default"
                size="medium"
                type="button"
                variant="default"
              />
            </div>
          </td>
          <td
            className="tableCellRight"
          >
            0
            :
            0
            0
             h
          </td>
        </tr>
        <tr
          className="tableRowWeekend"
          key="6"
        >
          <td
            className="tableCell"
          >
            <div
              className="date"
            >
              01/06/2018
            </div>
            <div
              className="dayInWeek"
            >
              Saturday
            </div>
          </td>
          <td
            className="tableCell"
          />
          <td
            className="tableCellRight"
          >
            <div
              className="addWorkLogButtonWrapper"
            >
              <Button
                block={false}
                clickHandler={[Function]}
                disabled={false}
                icon="add"
                iconPosition="before"
                isLabelVisible={true}
                label="Add work log"
                loading={false}
                priority="default"
                size="medium"
                type="button"
                variant="default"
              />
            </div>
          </td>
          <td
            className="tableCellRight"
          >
            0
            :
            0
            0
             h
          </td>
        </tr>
        <tr
          className="tableRowWeekend"
          key="7"
        >
          <td
            className="tableCell"
          >
            <div
              className="date"
            >
              01/07/2018
            </div>
            <div
              className="dayInWeek"
            >
              Sunday
            </div>
          </td>
          <td
            className="tableCell"
          />
          <td
            className="tableCellRight"
          >
            <div
              className="addWorkLogButtonWrapper"
            >
              <Button
                block={false}
                clickHandler={[Function]}
                disabled={false}
                icon="add"
                iconPosition="before"
                isLabelVisible={true}
                label="Add work log"
                loading={false}
                priority="default"
                size="medium"
                type="button"
                variant="default"
              />
            </div>
          </td>
          <td
            className="tableCellRight"
          >
            0
            :
            0
            0
             h
          </td>
        </tr>
        <tr
          className="tableRow"
          key="8"
        >
          <td
            className="tableCell"
          >
            <div
              className="date"
            >
              01/08/2018
            </div>
            <div
              className="dayInWeek"
            >
              Monday
            </div>
          </td>
          <td
            className="tableCell"
          />
          <td
            className="tableCellRight"
          >
            <div
              className="addWorkLogButtonWrapper"
            >
              <Button
                block={false}
                clickHandler={[Function]}
                disabled={false}
                icon="add"
                iconPosition="before"
                isLabelVisible={true}
                label="Add work log"
                loading={false}
                priority="default"
                size="medium"
                type="button"
                variant="default"
              />
            </div>
          </td>
          <td
            className="tableCellRight"
          >
            0
            :
            0
            0
             h
          </td>
        </tr>
        <tr
          className="tableRow"
          key="9"
        >
          <td
            className="tableCell"
          >
            <div
              className="date"
            >
              01/09/2018
            </div>
            <div
              className="dayInWeek"
            >
              Tuesday
            </div>
          </td>
          <td
            className="tableCell"
          />
          <td
            className="tableCellRight"
          >
            <div
              className="addWorkLogButtonWrapper"
            >
              <Button
                block={false}
                clickHandler={[Function]}
                disabled={false}
                icon="add"
                iconPosition="before"
                isLabelVisible={true}
                label="Add work log"
                loading={false}
                priority="default"
                size="medium"
                type="button"
                variant="default"
              />
            </div>
          </td>
          <td
            className="tableCellRight"
          >
            0
            :
            0
            0
             h
          </td>
        </tr>
        <tr
          className="tableRow"
          key="10"
        >
          <td
            className="tableCell"
          >
            <div
              className="date"
            >
              01/10/2018
            </div>
            <div
              className="dayInWeek"
            >
              Wednesday
            </div>
          </td>
          <td
            className="tableCell"
          />
          <td
            className="tableCellRight"
          >
            <div
              className="addWorkLogButtonWrapper"
            >
              <Button
                block={false}
                clickHandler={[Function]}
                disabled={false}
                icon="add"
                iconPosition="before"
                isLabelVisible={true}
                label="Add work log"
                loading={false}
                priority="default"
                size="medium"
                type="button"
                variant="default"
              />
            </div>
          </td>
          <td
            className="tableCellRight"
          >
            0
            :
            0
            0
             h
          </td>
        </tr>
        <tr
          className="tableRow"
          key="11"
        >
          <td
            className="tableCell"
          >
            <div
              className="date"
            >
              01/11/2018
            </div>
            <div
              className="dayInWeek"
            >
              Thursday
            </div>
          </td>
          <td
            className="tableCell"
          />
          <td
            className="tableCellRight"
          >
            <div
              className="addWorkLogButtonWrapper"
            >
              <Button
                block={false}
                clickHandler={[Function]}
                disabled={false}
                icon="add"
                iconPosition="before"
                isLabelVisible={true}
                label="Add work log"
                loading={false}
                priority="default"
                size="medium"
                type="button"
                variant="default"
              />
            </div>
          </td>
          <td
            className="tableCellRight"
          >
            0
            :
            0
            0
             h
          </td>
        </tr>
        <tr
          className="tableRow"
          key="12"
        >
          <td
            className="tableCell"
          >
            <div
              className="date"
            >
              01/12/2018
            </div>
            <div
              className="dayInWeek"
            >
              Friday
            </div>
          </td>
          <td
            className="tableCell"
          />
          <td
            className="tableCellRight"
          >
            <div
              className="addWorkLogButtonWrapper"
            >
              <Button
                block={false}
                clickHandler={[Function]}
                disabled={false}
                icon="add"
                iconPosition="before"
                isLabelVisible={true}
                label="Add work log"
                loading={false}
                priority="default"
                size="medium"
                type="button"
                variant="default"
              />
            </div>
          </td>
          <td
            className="tableCellRight"
          >
            0
            :
            0
            0
             h
          </td>
        </tr>
        <tr
          className="tableRowWeekend"
          key="13"
        >
          <td
            className="tableCell"
          >
            <div
              className="date"
            >
              01/13/2018
            </div>
            <div
              className="dayInWeek"
            >
              Saturday
            </div>
          </td>
          <td
            className="tableCell"
          />
          <td
            className="tableCellRight"
          >
            <div
              className="addWorkLogButtonWrapper"
            >
              <Button
                block={false}
                clickHandler={[Function]}
                disabled={false}
                icon="add"
                iconPosition="before"
                isLabelVisible={true}
                label="Add work log"
                loading={false}
                priority="default"
                size="medium"
                type="button"
                variant="default"
              />
            </div>
          </td>
          <td
            className="tableCellRight"
          >
            0
            :
            0
            0
             h
          </td>
        </tr>
        <tr
          className="tableRowWeekend"
          key="14"
        >
          <td
            className="tableCell"
          >
            <div
              className="date"
            >
              01/14/2018
            </div>
            <div
              className="dayInWeek"
            >
              Sunday
            </div>
          </td>
          <td
            className="tableCell"
          />
          <td
            className="tableCellRight"
          >
            <div
              className="addWorkLogButtonWrapper"
            >
              <Button
                block={false}
                clickHandler={[Function]}
                disabled={false}
                icon="add"
                iconPosition="before"
                isLabelVisible={true}
                label="Add work log"
                loading={false}
                priority="default"
                size="medium"
                type="button"
                variant="default"
              />
            </div>
          </td>
          <td
            className="tableCellRight"
          >
            0
            :
            0
            0
             h
          </td>
        </tr>
        <tr
          className="tableRow"
          key="15"
        >
          <td
            className="tableCell"
          >
            <div
              className="date"
            >
              01/15/2018
            </div>
            <div
              className="dayInWeek"
            >
              Monday
            </div>
          </td>
          <td
            className="tableCell"
          />
          <td
            className="tableCellRight"
          >
            <div
              className="addWorkLogButtonWrapper"
            >
              <Button
                block={false}
                clickHandler={[Function]}
                disabled={false}
                icon="add"
                iconPosition="before"
                isLabelVisible={true}
                label="Add work log"
                loading={false}
                priority="default"
                size="medium"
                type="button"
                variant="default"
              />
            </div>
          </td>
          <td
            className="tableCellRight"
          >
            0
            :
            0
            0
             h
          </td>
        </tr>
        <tr
          className="tableRow"
          key="16"
        >
          <td
            className="tableCell"
          >
            <div
              className="date"
            >
              01/16/2018
            </div>
            <div
              className="dayInWeek"
            >
              Tuesday
            </div>
          </td>
          <td
            className="tableCell"
          />
          <td
            className="tableCellRight"
          >
            <div
              className="addWorkLogButtonWrapper"
            >
              <Button
                block={false}
                clickHandler={[Function]}
                disabled={false}
                icon="add"
                iconPosition="before"
                isLabelVisible={true}
                label="Add work log"
                loading={false}
                priority="default"
                size="medium"
                type="button"
                variant="default"
              />
            </div>
          </td>
          <td
            className="tableCellRight"
          >
            0
            :
            0
            0
             h
          </td>
        </tr>
        <tr
          className="tableRow"
          key="17"
        >
          <td
            className="tableCell"
          >
            <div
              className="date"
            >
              01/17/2018
            </div>
            <div
              className="dayInWeek"
            >
              Wednesday
            </div>
          </td>
          <td
            className="tableCell"
          />
          <td
            className="tableCellRight"
          >
            <div
              className="addWorkLogButtonWrapper"
            >
              <Button
                block={false}
                clickHandler={[Function]}
                disabled={false}
                icon="add"
                iconPosition="before"
                isLabelVisible={true}
                label="Add work log"
                loading={false}
                priority="default"
                size="medium"
                type="button"
                variant="default"
              />
            </div>
          </td>
          <td
            className="tableCellRight"
          >
            0
            :
            0
            0
             h
          </td>
        </tr>
        <tr
          className="tableRow"
          key="18"
        >
          <td
            className="tableCell"
          >
            <div
              className="date"
            >
              01/18/2018
            </div>
            <div
              className="dayInWeek"
            >
              Thursday
            </div>
          </td>
          <td
            className="tableCell"
          />
          <td
            className="tableCellRight"
          >
            <div
              className="addWorkLogButtonWrapper"
            >
              <Button
                block={false}
                clickHandler={[Function]}
                disabled={false}
                icon="add"
                iconPosition="before"
                isLabelVisible={true}
                label="Add work log"
                loading={false}
                priority="default"
                size="medium"
                type="button"
                variant="default"
              />
            </div>
          </td>
          <td
            className="tableCellRight"
          >
            0
            :
            0
            0
             h
          </td>
        </tr>
        <tr
          className="tableRow"
          key="19"
        >
          <td
            className="tableCell"
          >
            <div
              className="date"
            >
              01/19/2018
            </div>
            <div
              className="dayInWeek"
            >
              Friday
            </div>
          </td>
          <td
            className="tableCell"
          />
          <td
            className="tableCellRight"
          >
            <div
              className="addWorkLogButtonWrapper"
            >
              <Button
                block={false}
                clickHandler={[Function]}
                disabled={false}
                icon="add"
                iconPosition="before"
                isLabelVisible={true}
                label="Add work log"
                loading={false}
                priority="default"
                size="medium"
                type="button"
                variant="default"
              />
            </div>
          </td>
          <td
            className="tableCellRight"
          >
            0
            :
            0
            0
             h
          </td>
        </tr>
        <tr
          className="tableRowWeekend"
          key="20"
        >
          <td
            className="tableCell"
          >
            <div
              className="date"
            >
              01/20/2018
            </div>
            <div
              className="dayInWeek"
            >
              Saturday
            </div>
          </td>
          <td
            className="tableCell"
          />
          <td
            className="tableCellRight"
          >
            <div
              className="addWorkLogButtonWrapper"
            >
              <Button
                block={false}
                clickHandler={[Function]}
                disabled={false}
                icon="add"
                iconPosition="before"
                isLabelVisible={true}
                label="Add work log"
                loading={false}
                priority="default"
                size="medium"
                type="button"
                variant="default"
              />
            </div>
          </td>
          <td
            className="tableCellRight"
          >
            0
            :
            0
            0
             h
          </td>
        </tr>
        <tr
          className="tableRowWeekend"
          key="21"
        >
          <td
            className="tableCell"
          >
            <div
              className="date"
            >
              01/21/2018
            </div>
            <div
              className="dayInWeek"
            >
              Sunday
            </div>
          </td>
          <td
            className="tableCell"
          />
          <td
            className="tableCellRight"
          >
            <div
              className="addWorkLogButtonWrapper"
            >
              <Button
                block={false}
                clickHandler={[Function]}
                disabled={false}
                icon="add"
                iconPosition="before"
                isLabelVisible={true}
                label="Add work log"
                loading={false}
                priority="default"
                size="medium"
                type="button"
                variant="default"
              />
            </div>
          </td>
          <td
            className="tableCellRight"
          >
            0
            :
            0
            0
             h
          </td>
        </tr>
        <tr
          className="tableRow"
          key="22"
        >
          <td
            className="tableCell"
          >
            <div
              className="date"
            >
              01/22/2018
            </div>
            <div
              className="dayInWeek"
            >
              Monday
            </div>
          </td>
          <td
            className="tableCell"
          />
          <td
            className="tableCellRight"
          >
            <div
              className="addWorkLogButtonWrapper"
            >
              <Button
                block={false}
                clickHandler={[Function]}
                disabled={false}
                icon="add"
                iconPosition="before"
                isLabelVisible={true}
                label="Add work log"
                loading={false}
                priority="default"
                size="medium"
                type="button"
                variant="default"
              />
            </div>
          </td>
          <td
            className="tableCellRight"
          >
            0
            :
            0
            0
             h
          </td>
        </tr>
        <tr
          className="tableRow"
          key="23"
        >
          <td
            className="tableCell"
          >
            <div
              className="date"
            >
              01/23/2018
            </div>
            <div
              className="dayInWeek"
            >
              Tuesday
            </div>
          </td>
          <td
            className="tableCell"
          />
          <td
            className="tableCellRight"
          >
            <div
              className="addWorkLogButtonWrapper"
            >
              <Button
                block={false}
                clickHandler={[Function]}
                disabled={false}
                icon="add"
                iconPosition="before"
                isLabelVisible={true}
                label="Add work log"
                loading={false}
                priority="default"
                size="medium"
                type="button"
                variant="default"
              />
            </div>
          </td>
          <td
            className="tableCellRight"
          >
            0
            :
            0
            0
             h
          </td>
        </tr>
        <tr
          className="tableRow"
          key="24"
        >
          <td
            className="tableCell"
          >
            <div
              className="date"
            >
              01/24/2018
            </div>
            <div
              className="dayInWeek"
            >
              Wednesday
            </div>
          </td>
          <td
            className="tableCell"
          />
          <td
            className="tableCellRight"
          >
            <div
              className="addWorkLogButtonWrapper"
            >
              <Button
                block={false}
                clickHandler={[Function]}
                disabled={false}
                icon="add"
                iconPosition="before"
                isLabelVisible={true}
                label="Add work log"
                loading={false}
                priority="default"
                size="medium"
                type="button"
                variant="default"
              />
            </div>
          </td>
          <td
            className="tableCellRight"
          >
            0
            :
            0
            0
             h
          </td>
        </tr>
        <tr
          className="tableRow"
          key="25"
        >
          <td
            className="tableCell"
          >
            <div
              className="date"
            >
              01/25/2018
            </div>
            <div
              className="dayInWeek"
            >
              Thursday
            </div>
          </td>
          <td
            className="tableCell"
          />
          <td
            className="tableCellRight"
          >
            <div
              className="addWorkLogButtonWrapper"
            >
              <Button
                block={false}
                clickHandler={[Function]}
                disabled={false}
                icon="add"
                iconPosition="before"
                isLabelVisible={true}
                label="Add work log"
                loading={false}
                priority="default"
                size="medium"
                type="button"
                variant="default"
              />
            </div>
          </td>
          <td
            className="tableCellRight"
          >
            0
            :
            0
            0
             h
          </td>
        </tr>
        <tr
          className="tableRow"
          key="26"
        >
          <td
            className="tableCell"
          >
            <div
              className="date"
            >
              01/26/2018
            </div>
            <div
              className="dayInWeek"
            >
              Friday
            </div>
          </td>
          <td
            className="tableCell"
          />
          <td
            className="tableCellRight"
          >
            <div
              className="addWorkLogButtonWrapper"
            >
              <Button
                block={false}
                clickHandler={[Function]}
                disabled={false}
                icon="add"
                iconPosition="before"
                isLabelVisible={true}
                label="Add work log"
                loading={false}
                priority="default"
                size="medium"
                type="button"
                variant="default"
              />
            </div>
          </td>
          <td
            className="tableCellRight"
          >
            0
            :
            0
            0
             h
          </td>
        </tr>
        <tr
          className="tableRowWeekend"
          key="27"
        >
          <td
            className="tableCell"
          >
            <div
              className="date"
            >
              01/27/2018
            </div>
            <div
              className="dayInWeek"
            >
              Saturday
            </div>
          </td>
          <td
            className="tableCell"
          />
          <td
            className="tableCellRight"
          >
            <div
              className="addWorkLogButtonWrapper"
            >
              <Button
                block={false}
                clickHandler={[Function]}
                disabled={false}
                icon="add"
                iconPosition="before"
                isLabelVisible={true}
                label="Add work log"
                loading={false}
                priority="default"
                size="medium"
                type="button"
                variant="default"
              />
            </div>
          </td>
          <td
            className="tableCellRight"
          >
            0
            :
            0
            0
             h
          </td>
        </tr>
        <tr
          className="tableRowWeekend"
          key="28"
        >
          <td
            className="tableCell"
          >
            <div
              className="date"
            >
              01/28/2018
            </div>
            <div
              className="dayInWeek"
            >
              Sunday
            </div>
          </td>
          <td
            className="tableCell"
          />
          <td
            className="tableCellRight"
          >
            <div
              className="addWorkLogButtonWrapper"
            >
              <Button
                block={false}
                clickHandler={[Function]}
                disabled={false}
                icon="add"
                iconPosition="before"
                isLabelVisible={true}
                label="Add work log"
                loading={false}
                priority="default"
                size="medium"
                type="button"
                variant="default"
              />
            </div>
          </td>
          <td
            className="tableCellRight"
          >
            0
            :
            0
            0
             h
          </td>
        </tr>
        <tr
          className="tableRow"
          key="29"
        >
          <td
            className="tableCell"
          >
            <div
              className="date"
            >
              01/29/2018
            </div>
            <div
              className="dayInWeek"
            >
              Monday
            </div>
          </td>
          <td
            className="tableCell"
          />
          <td
            className="tableCellRight"
          >
            <div
              className="addWorkLogButtonWrapper"
            >
              <Button
                block={false}
                clickHandler={[Function]}
                disabled={false}
                icon="add"
                iconPosition="before"
                isLabelVisible={true}
                label="Add work log"
                loading={false}
                priority="default"
                size="medium"
                type="button"
                variant="default"
              />
            </div>
          </td>
          <td
            className="tableCellRight"
          >
            0
            :
            0
            0
             h
          </td>
        </tr>
        <tr
          className="tableRow"
          key="30"
        >
          <td
            className="tableCell"
          >
            <div
              className="date"
            >
              01/30/2018
            </div>
            <div
              className="dayInWeek"
            >
              Tuesday
            </div>
          </td>
          <td
            className="tableCell"
          />
          <td
            className="tableCellRight"
          >
            <div
              className="addWorkLogButtonWrapper"
            >
              <Button
                block={false}
                clickHandler={[Function]}
                disabled={false}
                icon="add"
                iconPosition="before"
                isLabelVisible={true}
                label="Add work log"
                loading={false}
                priority="default"
                size="medium"
                type="button"
                variant="default"
              />
            </div>
          </td>
          <td
            className="tableCellRight"
          >
            0
            :
            0
            0
             h
          </td>
        </tr>
        <tr
          className="tableRow"
          key="31"
        >
          <td
            className="tableCell"
          >
            <div
              className="date"
            >
              01/31/2018
            </div>
            <div
              className="dayInWeek"
            >
              Wednesday
            </div>
          </td>
          <td
            className="tableCell"
          />
          <td
            className="tableCellRight"
          >
            <div
              className="addWorkLogButtonWrapper"
            >
              <Button
                block={false}
                clickHandler={[Function]}
                disabled={false}
                icon="add"
                iconPosition="before"
                isLabelVisible={true}
                label="Add work log"
                loading={false}
                priority="default"
                size="medium"
                type="button"
                variant="default"
              />
            </div>
          </td>
          <td
            className="tableCellRight"
          >
            0
            :
            0
            0
             h
          </td>
        </tr>
      </tbody>
    </table>
  </div>
  <div
    className="sendForApprovalButtonWrapper"
  >
    <Button
      block={false}
      clickHandler={[Function]}
      disabled={false}
      icon="send"
      iconPosition="before"
      isLabelVisible={true}
      label="Send for approval"
      loading={false}
      priority="primary"
      size="medium"
      type="button"
      variant="default"
    />
  </div>
</div>
`;

exports[`rendering renders correctly with work month waiting for approval 1`] = `
<div>
  <nav
    className="navigation"
  >
    <div
      className="navigationPrevious"
    >
      <Button
        block={false}
        clickHandler={[Function]}
        disabled={false}
        icon="keyboard_arrow_left"
        iconPosition="before"
        isLabelVisible={true}
        label="Previous"
        loading={false}
        priority="primary"
        size="medium"
        type="button"
        variant="default"
      />
    </div>
    <div>
      <div>
        <h2
          className="navigationTitle"
        >
          January 2018
        </h2>
        <span
          className="navigationSubtitle"
        >
          0:00 h out of 0 h
        </span>
      </div>
      <Button
        block={false}
        clickHandler={[Function]}
        disabled={false}
        icon={null}
        iconPosition="before"
        isLabelVisible={true}
        label="Waiting for approval"
        loading={false}
        priority="primary"
        size="medium"
        type="button"
        variant="warning"
      />
    </div>
    <div
      className="navigationNext"
    >
      <Button
        block={false}
        clickHandler={[Function]}
        disabled={false}
        icon="keyboard_arrow_right"
        iconPosition="after"
        isLabelVisible={true}
        label="Next"
        loading={false}
        priority="primary"
        size="medium"
        type="button"
        variant="default"
      />
    </div>
  </nav>
  <div
    className="tableWrapper"
  >
    <table
      className="table"
    >
      <tbody>
        <tr
          className="tableRowWeekend"
          key="1"
        >
          <td
            className="tableCell"
          >
            <div
              className="date"
            >
              01/01/2018
            </div>
            <div
              className="dayInWeek"
            >
              Monday
            </div>
          </td>
          <td
            className="tableCell"
          />
          <td
            className="tableCellRight"
          >
            <div
              className="addWorkLogButtonWrapper"
            >
              <Button
                block={false}
                clickHandler={[Function]}
                disabled={false}
                icon="add"
                iconPosition="before"
                isLabelVisible={true}
                label="Add work log"
                loading={false}
                priority="default"
                size="medium"
                type="button"
                variant="default"
              />
            </div>
          </td>
          <td
            className="tableCellRight"
          >
            0
            :
            0
            0
             h
          </td>
        </tr>
        <tr
          className="tableRow"
          key="2"
        >
          <td
            className="tableCell"
          >
            <div
              className="date"
            >
              01/02/2018
            </div>
            <div
              className="dayInWeek"
            >
              Tuesday
            </div>
          </td>
          <td
            className="tableCell"
          />
          <td
            className="tableCellRight"
          >
            <div
              className="addWorkLogButtonWrapper"
            >
              <Button
                block={false}
                clickHandler={[Function]}
                disabled={false}
                icon="add"
                iconPosition="before"
                isLabelVisible={true}
                label="Add work log"
                loading={false}
                priority="default"
                size="medium"
                type="button"
                variant="default"
              />
            </div>
          </td>
          <td
            className="tableCellRight"
          >
            0
            :
            0
            0
             h
          </td>
        </tr>
        <tr
          className="tableRow"
          key="3"
        >
          <td
            className="tableCell"
          >
            <div
              className="date"
            >
              01/03/2018
            </div>
            <div
              className="dayInWeek"
            >
              Wednesday
            </div>
          </td>
          <td
            className="tableCell"
          />
          <td
            className="tableCellRight"
          >
            <div
              className="addWorkLogButtonWrapper"
            >
              <Button
                block={false}
                clickHandler={[Function]}
                disabled={false}
                icon="add"
                iconPosition="before"
                isLabelVisible={true}
                label="Add work log"
                loading={false}
                priority="default"
                size="medium"
                type="button"
                variant="default"
              />
            </div>
          </td>
          <td
            className="tableCellRight"
          >
            0
            :
            0
            0
             h
          </td>
        </tr>
        <tr
          className="tableRow"
          key="4"
        >
          <td
            className="tableCell"
          >
            <div
              className="date"
            >
              01/04/2018
            </div>
            <div
              className="dayInWeek"
            >
              Thursday
            </div>
          </td>
          <td
            className="tableCell"
          />
          <td
            className="tableCellRight"
          >
            <div
              className="addWorkLogButtonWrapper"
            >
              <Button
                block={false}
                clickHandler={[Function]}
                disabled={false}
                icon="add"
                iconPosition="before"
                isLabelVisible={true}
                label="Add work log"
                loading={false}
                priority="default"
                size="medium"
                type="button"
                variant="default"
              />
            </div>
          </td>
          <td
            className="tableCellRight"
          >
            0
            :
            0
            0
             h
          </td>
        </tr>
        <tr
          className="tableRow"
          key="5"
        >
          <td
            className="tableCell"
          >
            <div
              className="date"
            >
              01/05/2018
            </div>
            <div
              className="dayInWeek"
            >
              Friday
            </div>
          </td>
          <td
            className="tableCell"
          />
          <td
            className="tableCellRight"
          >
            <div
              className="addWorkLogButtonWrapper"
            >
              <Button
                block={false}
                clickHandler={[Function]}
                disabled={false}
                icon="add"
                iconPosition="before"
                isLabelVisible={true}
                label="Add work log"
                loading={false}
                priority="default"
                size="medium"
                type="button"
                variant="default"
              />
            </div>
          </td>
          <td
            className="tableCellRight"
          >
            0
            :
            0
            0
             h
          </td>
        </tr>
        <tr
          className="tableRowWeekend"
          key="6"
        >
          <td
            className="tableCell"
          >
            <div
              className="date"
            >
              01/06/2018
            </div>
            <div
              className="dayInWeek"
            >
              Saturday
            </div>
          </td>
          <td
            className="tableCell"
          />
          <td
            className="tableCellRight"
          >
            <div
              className="addWorkLogButtonWrapper"
            >
              <Button
                block={false}
                clickHandler={[Function]}
                disabled={false}
                icon="add"
                iconPosition="before"
                isLabelVisible={true}
                label="Add work log"
                loading={false}
                priority="default"
                size="medium"
                type="button"
                variant="default"
              />
            </div>
          </td>
          <td
            className="tableCellRight"
          >
            0
            :
            0
            0
             h
          </td>
        </tr>
        <tr
          className="tableRowWeekend"
          key="7"
        >
          <td
            className="tableCell"
          >
            <div
              className="date"
            >
              01/07/2018
            </div>
            <div
              className="dayInWeek"
            >
              Sunday
            </div>
          </td>
          <td
            className="tableCell"
          />
          <td
            className="tableCellRight"
          >
            <div
              className="addWorkLogButtonWrapper"
            >
              <Button
                block={false}
                clickHandler={[Function]}
                disabled={false}
                icon="add"
                iconPosition="before"
                isLabelVisible={true}
                label="Add work log"
                loading={false}
                priority="default"
                size="medium"
                type="button"
                variant="default"
              />
            </div>
          </td>
          <td
            className="tableCellRight"
          >
            0
            :
            0
            0
             h
          </td>
        </tr>
        <tr
          className="tableRow"
          key="8"
        >
          <td
            className="tableCell"
          >
            <div
              className="date"
            >
              01/08/2018
            </div>
            <div
              className="dayInWeek"
            >
              Monday
            </div>
          </td>
          <td
            className="tableCell"
          />
          <td
            className="tableCellRight"
          >
            <div
              className="addWorkLogButtonWrapper"
            >
              <Button
                block={false}
                clickHandler={[Function]}
                disabled={false}
                icon="add"
                iconPosition="before"
                isLabelVisible={true}
                label="Add work log"
                loading={false}
                priority="default"
                size="medium"
                type="button"
                variant="default"
              />
            </div>
          </td>
          <td
            className="tableCellRight"
          >
            0
            :
            0
            0
             h
          </td>
        </tr>
        <tr
          className="tableRow"
          key="9"
        >
          <td
            className="tableCell"
          >
            <div
              className="date"
            >
              01/09/2018
            </div>
            <div
              className="dayInWeek"
            >
              Tuesday
            </div>
          </td>
          <td
            className="tableCell"
          />
          <td
            className="tableCellRight"
          >
            <div
              className="addWorkLogButtonWrapper"
            >
              <Button
                block={false}
                clickHandler={[Function]}
                disabled={false}
                icon="add"
                iconPosition="before"
                isLabelVisible={true}
                label="Add work log"
                loading={false}
                priority="default"
                size="medium"
                type="button"
                variant="default"
              />
            </div>
          </td>
          <td
            className="tableCellRight"
          >
            0
            :
            0
            0
             h
          </td>
        </tr>
        <tr
          className="tableRow"
          key="10"
        >
          <td
            className="tableCell"
          >
            <div
              className="date"
            >
              01/10/2018
            </div>
            <div
              className="dayInWeek"
            >
              Wednesday
            </div>
          </td>
          <td
            className="tableCell"
          />
          <td
            className="tableCellRight"
          >
            <div
              className="addWorkLogButtonWrapper"
            >
              <Button
                block={false}
                clickHandler={[Function]}
                disabled={false}
                icon="add"
                iconPosition="before"
                isLabelVisible={true}
                label="Add work log"
                loading={false}
                priority="default"
                size="medium"
                type="button"
                variant="default"
              />
            </div>
          </td>
          <td
            className="tableCellRight"
          >
            0
            :
            0
            0
             h
          </td>
        </tr>
        <tr
          className="tableRow"
          key="11"
        >
          <td
            className="tableCell"
          >
            <div
              className="date"
            >
              01/11/2018
            </div>
            <div
              className="dayInWeek"
            >
              Thursday
            </div>
          </td>
          <td
            className="tableCell"
          />
          <td
            className="tableCellRight"
          >
            <div
              className="addWorkLogButtonWrapper"
            >
              <Button
                block={false}
                clickHandler={[Function]}
                disabled={false}
                icon="add"
                iconPosition="before"
                isLabelVisible={true}
                label="Add work log"
                loading={false}
                priority="default"
                size="medium"
                type="button"
                variant="default"
              />
            </div>
          </td>
          <td
            className="tableCellRight"
          >
            0
            :
            0
            0
             h
          </td>
        </tr>
        <tr
          className="tableRow"
          key="12"
        >
          <td
            className="tableCell"
          >
            <div
              className="date"
            >
              01/12/2018
            </div>
            <div
              className="dayInWeek"
            >
              Friday
            </div>
          </td>
          <td
            className="tableCell"
          />
          <td
            className="tableCellRight"
          >
            <div
              className="addWorkLogButtonWrapper"
            >
              <Button
                block={false}
                clickHandler={[Function]}
                disabled={false}
                icon="add"
                iconPosition="before"
                isLabelVisible={true}
                label="Add work log"
                loading={false}
                priority="default"
                size="medium"
                type="button"
                variant="default"
              />
            </div>
          </td>
          <td
            className="tableCellRight"
          >
            0
            :
            0
            0
             h
          </td>
        </tr>
        <tr
          className="tableRowWeekend"
          key="13"
        >
          <td
            className="tableCell"
          >
            <div
              className="date"
            >
              01/13/2018
            </div>
            <div
              className="dayInWeek"
            >
              Saturday
            </div>
          </td>
          <td
            className="tableCell"
          />
          <td
            className="tableCellRight"
          >
            <div
              className="addWorkLogButtonWrapper"
            >
              <Button
                block={false}
                clickHandler={[Function]}
                disabled={false}
                icon="add"
                iconPosition="before"
                isLabelVisible={true}
                label="Add work log"
                loading={false}
                priority="default"
                size="medium"
                type="button"
                variant="default"
              />
            </div>
          </td>
          <td
            className="tableCellRight"
          >
            0
            :
            0
            0
             h
          </td>
        </tr>
        <tr
          className="tableRowWeekend"
          key="14"
        >
          <td
            className="tableCell"
          >
            <div
              className="date"
            >
              01/14/2018
            </div>
            <div
              className="dayInWeek"
            >
              Sunday
            </div>
          </td>
          <td
            className="tableCell"
          />
          <td
            className="tableCellRight"
          >
            <div
              className="addWorkLogButtonWrapper"
            >
              <Button
                block={false}
                clickHandler={[Function]}
                disabled={false}
                icon="add"
                iconPosition="before"
                isLabelVisible={true}
                label="Add work log"
                loading={false}
                priority="default"
                size="medium"
                type="button"
                variant="default"
              />
            </div>
          </td>
          <td
            className="tableCellRight"
          >
            0
            :
            0
            0
             h
          </td>
        </tr>
        <tr
          className="tableRow"
          key="15"
        >
          <td
            className="tableCell"
          >
            <div
              className="date"
            >
              01/15/2018
            </div>
            <div
              className="dayInWeek"
            >
              Monday
            </div>
          </td>
          <td
            className="tableCell"
          />
          <td
            className="tableCellRight"
          >
            <div
              className="addWorkLogButtonWrapper"
            >
              <Button
                block={false}
                clickHandler={[Function]}
                disabled={false}
                icon="add"
                iconPosition="before"
                isLabelVisible={true}
                label="Add work log"
                loading={false}
                priority="default"
                size="medium"
                type="button"
                variant="default"
              />
            </div>
          </td>
          <td
            className="tableCellRight"
          >
            0
            :
            0
            0
             h
          </td>
        </tr>
        <tr
          className="tableRow"
          key="16"
        >
          <td
            className="tableCell"
          >
            <div
              className="date"
            >
              01/16/2018
            </div>
            <div
              className="dayInWeek"
            >
              Tuesday
            </div>
          </td>
          <td
            className="tableCell"
          />
          <td
            className="tableCellRight"
          >
            <div
              className="addWorkLogButtonWrapper"
            >
              <Button
                block={false}
                clickHandler={[Function]}
                disabled={false}
                icon="add"
                iconPosition="before"
                isLabelVisible={true}
                label="Add work log"
                loading={false}
                priority="default"
                size="medium"
                type="button"
                variant="default"
              />
            </div>
          </td>
          <td
            className="tableCellRight"
          >
            0
            :
            0
            0
             h
          </td>
        </tr>
        <tr
          className="tableRow"
          key="17"
        >
          <td
            className="tableCell"
          >
            <div
              className="date"
            >
              01/17/2018
            </div>
            <div
              className="dayInWeek"
            >
              Wednesday
            </div>
          </td>
          <td
            className="tableCell"
          />
          <td
            className="tableCellRight"
          >
            <div
              className="addWorkLogButtonWrapper"
            >
              <Button
                block={false}
                clickHandler={[Function]}
                disabled={false}
                icon="add"
                iconPosition="before"
                isLabelVisible={true}
                label="Add work log"
                loading={false}
                priority="default"
                size="medium"
                type="button"
                variant="default"
              />
            </div>
          </td>
          <td
            className="tableCellRight"
          >
            0
            :
            0
            0
             h
          </td>
        </tr>
        <tr
          className="tableRow"
          key="18"
        >
          <td
            className="tableCell"
          >
            <div
              className="date"
            >
              01/18/2018
            </div>
            <div
              className="dayInWeek"
            >
              Thursday
            </div>
          </td>
          <td
            className="tableCell"
          />
          <td
            className="tableCellRight"
          >
            <div
              className="addWorkLogButtonWrapper"
            >
              <Button
                block={false}
                clickHandler={[Function]}
                disabled={false}
                icon="add"
                iconPosition="before"
                isLabelVisible={true}
                label="Add work log"
                loading={false}
                priority="default"
                size="medium"
                type="button"
                variant="default"
              />
            </div>
          </td>
          <td
            className="tableCellRight"
          >
            0
            :
            0
            0
             h
          </td>
        </tr>
        <tr
          className="tableRow"
          key="19"
        >
          <td
            className="tableCell"
          >
            <div
              className="date"
            >
              01/19/2018
            </div>
            <div
              className="dayInWeek"
            >
              Friday
            </div>
          </td>
          <td
            className="tableCell"
          />
          <td
            className="tableCellRight"
          >
            <div
              className="addWorkLogButtonWrapper"
            >
              <Button
                block={false}
                clickHandler={[Function]}
                disabled={false}
                icon="add"
                iconPosition="before"
                isLabelVisible={true}
                label="Add work log"
                loading={false}
                priority="default"
                size="medium"
                type="button"
                variant="default"
              />
            </div>
          </td>
          <td
            className="tableCellRight"
          >
            0
            :
            0
            0
             h
          </td>
        </tr>
        <tr
          className="tableRowWeekend"
          key="20"
        >
          <td
            className="tableCell"
          >
            <div
              className="date"
            >
              01/20/2018
            </div>
            <div
              className="dayInWeek"
            >
              Saturday
            </div>
          </td>
          <td
            className="tableCell"
          />
          <td
            className="tableCellRight"
          >
            <div
              className="addWorkLogButtonWrapper"
            >
              <Button
                block={false}
                clickHandler={[Function]}
                disabled={false}
                icon="add"
                iconPosition="before"
                isLabelVisible={true}
                label="Add work log"
                loading={false}
                priority="default"
                size="medium"
                type="button"
                variant="default"
              />
            </div>
          </td>
          <td
            className="tableCellRight"
          >
            0
            :
            0
            0
             h
          </td>
        </tr>
        <tr
          className="tableRowWeekend"
          key="21"
        >
          <td
            className="tableCell"
          >
            <div
              className="date"
            >
              01/21/2018
            </div>
            <div
              className="dayInWeek"
            >
              Sunday
            </div>
          </td>
          <td
            className="tableCell"
          />
          <td
            className="tableCellRight"
          >
            <div
              className="addWorkLogButtonWrapper"
            >
              <Button
                block={false}
                clickHandler={[Function]}
                disabled={false}
                icon="add"
                iconPosition="before"
                isLabelVisible={true}
                label="Add work log"
                loading={false}
                priority="default"
                size="medium"
                type="button"
                variant="default"
              />
            </div>
          </td>
          <td
            className="tableCellRight"
          >
            0
            :
            0
            0
             h
          </td>
        </tr>
        <tr
          className="tableRow"
          key="22"
        >
          <td
            className="tableCell"
          >
            <div
              className="date"
            >
              01/22/2018
            </div>
            <div
              className="dayInWeek"
            >
              Monday
            </div>
          </td>
          <td
            className="tableCell"
          />
          <td
            className="tableCellRight"
          >
            <div
              className="addWorkLogButtonWrapper"
            >
              <Button
                block={false}
                clickHandler={[Function]}
                disabled={false}
                icon="add"
                iconPosition="before"
                isLabelVisible={true}
                label="Add work log"
                loading={false}
                priority="default"
                size="medium"
                type="button"
                variant="default"
              />
            </div>
          </td>
          <td
            className="tableCellRight"
          >
            0
            :
            0
            0
             h
          </td>
        </tr>
        <tr
          className="tableRow"
          key="23"
        >
          <td
            className="tableCell"
          >
            <div
              className="date"
            >
              01/23/2018
            </div>
            <div
              className="dayInWeek"
            >
              Tuesday
            </div>
          </td>
          <td
            className="tableCell"
          />
          <td
            className="tableCellRight"
          >
            <div
              className="addWorkLogButtonWrapper"
            >
              <Button
                block={false}
                clickHandler={[Function]}
                disabled={false}
                icon="add"
                iconPosition="before"
                isLabelVisible={true}
                label="Add work log"
                loading={false}
                priority="default"
                size="medium"
                type="button"
                variant="default"
              />
            </div>
          </td>
          <td
            className="tableCellRight"
          >
            0
            :
            0
            0
             h
          </td>
        </tr>
        <tr
          className="tableRow"
          key="24"
        >
          <td
            className="tableCell"
          >
            <div
              className="date"
            >
              01/24/2018
            </div>
            <div
              className="dayInWeek"
            >
              Wednesday
            </div>
          </td>
          <td
            className="tableCell"
          />
          <td
            className="tableCellRight"
          >
            <div
              className="addWorkLogButtonWrapper"
            >
              <Button
                block={false}
                clickHandler={[Function]}
                disabled={false}
                icon="add"
                iconPosition="before"
                isLabelVisible={true}
                label="Add work log"
                loading={false}
                priority="default"
                size="medium"
                type="button"
                variant="default"
              />
            </div>
          </td>
          <td
            className="tableCellRight"
          >
            0
            :
            0
            0
             h
          </td>
        </tr>
        <tr
          className="tableRow"
          key="25"
        >
          <td
            className="tableCell"
          >
            <div
              className="date"
            >
              01/25/2018
            </div>
            <div
              className="dayInWeek"
            >
              Thursday
            </div>
          </td>
          <td
            className="tableCell"
          />
          <td
            className="tableCellRight"
          >
            <div
              className="addWorkLogButtonWrapper"
            >
              <Button
                block={false}
                clickHandler={[Function]}
                disabled={false}
                icon="add"
                iconPosition="before"
                isLabelVisible={true}
                label="Add work log"
                loading={false}
                priority="default"
                size="medium"
                type="button"
                variant="default"
              />
            </div>
          </td>
          <td
            className="tableCellRight"
          >
            0
            :
            0
            0
             h
          </td>
        </tr>
        <tr
          className="tableRow"
          key="26"
        >
          <td
            className="tableCell"
          >
            <div
              className="date"
            >
              01/26/2018
            </div>
            <div
              className="dayInWeek"
            >
              Friday
            </div>
          </td>
          <td
            className="tableCell"
          />
          <td
            className="tableCellRight"
          >
            <div
              className="addWorkLogButtonWrapper"
            >
              <Button
                block={false}
                clickHandler={[Function]}
                disabled={false}
                icon="add"
                iconPosition="before"
                isLabelVisible={true}
                label="Add work log"
                loading={false}
                priority="default"
                size="medium"
                type="button"
                variant="default"
              />
            </div>
          </td>
          <td
            className="tableCellRight"
          >
            0
            :
            0
            0
             h
          </td>
        </tr>
        <tr
          className="tableRowWeekend"
          key="27"
        >
          <td
            className="tableCell"
          >
            <div
              className="date"
            >
              01/27/2018
            </div>
            <div
              className="dayInWeek"
            >
              Saturday
            </div>
          </td>
          <td
            className="tableCell"
          />
          <td
            className="tableCellRight"
          >
            <div
              className="addWorkLogButtonWrapper"
            >
              <Button
                block={false}
                clickHandler={[Function]}
                disabled={false}
                icon="add"
                iconPosition="before"
                isLabelVisible={true}
                label="Add work log"
                loading={false}
                priority="default"
                size="medium"
                type="button"
                variant="default"
              />
            </div>
          </td>
          <td
            className="tableCellRight"
          >
            0
            :
            0
            0
             h
          </td>
        </tr>
        <tr
          className="tableRowWeekend"
          key="28"
        >
          <td
            className="tableCell"
          >
            <div
              className="date"
            >
              01/28/2018
            </div>
            <div
              className="dayInWeek"
            >
              Sunday
            </div>
          </td>
          <td
            className="tableCell"
          />
          <td
            className="tableCellRight"
          >
            <div
              className="addWorkLogButtonWrapper"
            >
              <Button
                block={false}
                clickHandler={[Function]}
                disabled={false}
                icon="add"
                iconPosition="before"
                isLabelVisible={true}
                label="Add work log"
                loading={false}
                priority="default"
                size="medium"
                type="button"
                variant="default"
              />
            </div>
          </td>
          <td
            className="tableCellRight"
          >
            0
            :
            0
            0
             h
          </td>
        </tr>
        <tr
          className="tableRow"
          key="29"
        >
          <td
            className="tableCell"
          >
            <div
              className="date"
            >
              01/29/2018
            </div>
            <div
              className="dayInWeek"
            >
              Monday
            </div>
          </td>
          <td
            className="tableCell"
          />
          <td
            className="tableCellRight"
          >
            <div
              className="addWorkLogButtonWrapper"
            >
              <Button
                block={false}
                clickHandler={[Function]}
                disabled={false}
                icon="add"
                iconPosition="before"
                isLabelVisible={true}
                label="Add work log"
                loading={false}
                priority="default"
                size="medium"
                type="button"
                variant="default"
              />
            </div>
          </td>
          <td
            className="tableCellRight"
          >
            0
            :
            0
            0
             h
          </td>
        </tr>
        <tr
          className="tableRow"
          key="30"
        >
          <td
            className="tableCell"
          >
            <div
              className="date"
            >
              01/30/2018
            </div>
            <div
              className="dayInWeek"
            >
              Tuesday
            </div>
          </td>
          <td
            className="tableCell"
          />
          <td
            className="tableCellRight"
          >
            <div
              className="addWorkLogButtonWrapper"
            >
              <Button
                block={false}
                clickHandler={[Function]}
                disabled={false}
                icon="add"
                iconPosition="before"
                isLabelVisible={true}
                label="Add work log"
                loading={false}
                priority="default"
                size="medium"
                type="button"
                variant="default"
              />
            </div>
          </td>
          <td
            className="tableCellRight"
          >
            0
            :
            0
            0
             h
          </td>
        </tr>
        <tr
          className="tableRow"
          key="31"
        >
          <td
            className="tableCell"
          >
            <div
              className="date"
            >
              01/31/2018
            </div>
            <div
              className="dayInWeek"
            >
              Wednesday
            </div>
          </td>
          <td
            className="tableCell"
          />
          <td
            className="tableCellRight"
          >
            <div
              className="addWorkLogButtonWrapper"
            >
              <Button
                block={false}
                clickHandler={[Function]}
                disabled={false}
                icon="add"
                iconPosition="before"
                isLabelVisible={true}
                label="Add work log"
                loading={false}
                priority="default"
                size="medium"
                type="button"
                variant="default"
              />
            </div>
          </td>
          <td
            className="tableCellRight"
          >
            0
            :
            0
            0
             h
          </td>
        </tr>
      </tbody>
    </table>
  </div>
</div>
`;
