// Jest Snapshot v1, https://goo.gl/fbAQLP

exports[`rendering renders correctly 1`] = `
<Connect(LayoutComponent)
  loading={false}
  title="settings:title.settings"
>
  <div
    className="yearsAndHolidaysHeaderBox"
  >
    <h2
      className="yearsAndHolidaysTitle"
    >
      settings:title.yearsAndHolidays
    </h2>
    <div
      className="yearButtonsWrapper"
    >
      <ForwardRef(withForwardedRef(WithProviderContextComponent))
        beforeLabel={
          <Icon
            icon="add"
            size="medium"
          />
        }
        label="settings:action.addYear"
        onClick={[Function]}
      />
    </div>
  </div>
  <div
    className="yearsAndHolidaysHeader"
  >
    <div
      className="yearsAndHolidaysHeaderBox"
    >
      <h3
        className="yearTitle"
      >
        2018
      </h3>
      <div
        className="yearButtonsWrapper"
      >
        <div
          className="yearEditButtonWrapper"
        >
          <ForwardRef(withForwardedRef(WithProviderContextComponent))
            beforeLabel={
              <Icon
                icon="edit"
                size="medium"
              />
            }
            label="settings:action.editYear"
            labelVisibility="none"
            onClick={[Function]}
            priority="outline"
          />
        </div>
        <ForwardRef(withForwardedRef(WithProviderContextComponent))
          beforeLabel={
            <Icon
              icon="expand_more"
              size="medium"
            />
          }
          label=""
          labelVisibility="none"
          onClick={[Function]}
          priority="outline"
        />
      </div>
    </div>
  </div>
  <div
    className="yearsAndHolidaysHeader"
  >
    <div
      className="yearsAndHolidaysHeaderBox"
    >
      <h3
        className="yearTitle"
      >
        2019
      </h3>
      <div
        className="yearButtonsWrapper"
      >
        <div
          className="yearEditButtonWrapper"
        >
          <ForwardRef(withForwardedRef(WithProviderContextComponent))
            beforeLabel={
              <Icon
                icon="edit"
                size="medium"
              />
            }
            label="settings:action.editYear"
            labelVisibility="none"
            onClick={[Function]}
            priority="outline"
          />
        </div>
        <ForwardRef(withForwardedRef(WithProviderContextComponent))
          beforeLabel={
            <Icon
              icon="expand_more"
              size="medium"
            />
          }
          label=""
          labelVisibility="none"
          onClick={[Function]}
          priority="outline"
        />
      </div>
    </div>
  </div>
  <div
    className="yearsAndHolidaysHeader"
  >
    <div
      className="yearsAndHolidaysHeaderBox"
    >
      <h3
        className="yearTitle"
      >
        2020
      </h3>
      <div
        className="yearButtonsWrapper"
      >
        <div
          className="yearEditButtonWrapper"
        >
          <ForwardRef(withForwardedRef(WithProviderContextComponent))
            beforeLabel={
              <Icon
                icon="edit"
                size="medium"
              />
            }
            label="settings:action.editYear"
            labelVisibility="none"
            onClick={[Function]}
            priority="outline"
          />
        </div>
        <ForwardRef(withForwardedRef(WithProviderContextComponent))
          beforeLabel={
            <Icon
              icon="expand_more"
              size="medium"
            />
          }
          label=""
          labelVisibility="none"
          onClick={[Function]}
          priority="outline"
        />
      </div>
    </div>
  </div>
  <div
    className="yearsAndHolidaysHeader"
  >
    <div
      className="yearsAndHolidaysHeaderBox"
    >
      <h3
        className="yearTitle"
      >
        2021
      </h3>
      <div
        className="yearButtonsWrapper"
      >
        <div
          className="yearEditButtonWrapper"
        >
          <ForwardRef(withForwardedRef(WithProviderContextComponent))
            beforeLabel={
              <Icon
                icon="edit"
                size="medium"
              />
            }
            label="settings:action.editYear"
            labelVisibility="none"
            onClick={[Function]}
            priority="outline"
          />
        </div>
        <ForwardRef(withForwardedRef(WithProviderContextComponent))
          beforeLabel={
            <Icon
              icon="expand_more"
              size="medium"
            />
          }
          label=""
          labelVisibility="none"
          onClick={[Function]}
          priority="outline"
        />
      </div>
    </div>
  </div>
</Connect(LayoutComponent)>
`;
