// Jest Snapshot v1, https://goo.gl/fbAQLP

exports[`rendering renders correctly 1`] = `
<Connect(LayoutComponent)
  loading={false}
  title="settings:title.settings"
>
  <div
    className="yearsAndHolidaysHeaderBox"
  >
    <h2
      className="yearsAndHolidaysTitle"
    >
      settings:title.yearsAndHolidays
    </h2>
    <div
      className="yearButtonsWrapper"
    >
      <Button
        block={false}
        clickHandler={[Function]}
        disabled={false}
        icon="add"
        iconPosition="before"
        isLabelVisible={true}
        label="settings:action.addYear"
        loading={false}
        priority="primary"
        size="medium"
        type="button"
        variant="default"
      />
    </div>
  </div>
  <div
    className="yearsAndHolidaysHeader"
    key="2018"
  >
    <div
      className="yearsAndHolidaysHeaderBox"
    >
      <h3
        className="yearTitle"
      >
        2018
      </h3>
      <div
        className="yearButtonsWrapper"
      >
        <div
          className="yearEditButtonWrapper"
        >
          <Button
            block={false}
            clickHandler={[Function]}
            disabled={false}
            icon="edit"
            iconPosition="before"
            isLabelVisible={false}
            label="settings:action.editYear"
            loading={false}
            priority="default"
            size="medium"
            type="button"
            variant="default"
          />
        </div>
        <Button
          block={false}
          clickHandler={[Function]}
          disabled={false}
          icon="expand_more"
          iconPosition="before"
          isLabelVisible={false}
          label=""
          loading={false}
          priority="default"
          size="medium"
          type="button"
          variant="default"
        />
      </div>
    </div>
  </div>
  <div
    className="yearsAndHolidaysHeader"
    key="2019"
  >
    <div
      className="yearsAndHolidaysHeaderBox"
    >
      <h3
        className="yearTitle"
      >
        2019
      </h3>
      <div
        className="yearButtonsWrapper"
      >
        <div
          className="yearEditButtonWrapper"
        >
          <Button
            block={false}
            clickHandler={[Function]}
            disabled={false}
            icon="edit"
            iconPosition="before"
            isLabelVisible={false}
            label="settings:action.editYear"
            loading={false}
            priority="default"
            size="medium"
            type="button"
            variant="default"
          />
        </div>
        <Button
          block={false}
          clickHandler={[Function]}
          disabled={false}
          icon="expand_more"
          iconPosition="before"
          isLabelVisible={false}
          label=""
          loading={false}
          priority="default"
          size="medium"
          type="button"
          variant="default"
        />
      </div>
    </div>
  </div>
  <div
    className="yearsAndHolidaysHeader"
    key="2020"
  >
    <div
      className="yearsAndHolidaysHeaderBox"
    >
      <h3
        className="yearTitle"
      >
        2020
      </h3>
      <div
        className="yearButtonsWrapper"
      >
        <div
          className="yearEditButtonWrapper"
        >
          <Button
            block={false}
            clickHandler={[Function]}
            disabled={false}
            icon="edit"
            iconPosition="before"
            isLabelVisible={false}
            label="settings:action.editYear"
            loading={false}
            priority="default"
            size="medium"
            type="button"
            variant="default"
          />
        </div>
        <Button
          block={false}
          clickHandler={[Function]}
          disabled={false}
          icon="expand_more"
          iconPosition="before"
          isLabelVisible={false}
          label=""
          loading={false}
          priority="default"
          size="medium"
          type="button"
          variant="default"
        />
      </div>
    </div>
  </div>
  <div
    className="yearsAndHolidaysHeader"
    key="2021"
  >
    <div
      className="yearsAndHolidaysHeaderBox"
    >
      <h3
        className="yearTitle"
      >
        2021
      </h3>
      <div
        className="yearButtonsWrapper"
      >
        <div
          className="yearEditButtonWrapper"
        >
          <Button
            block={false}
            clickHandler={[Function]}
            disabled={false}
            icon="edit"
            iconPosition="before"
            isLabelVisible={false}
            label="settings:action.editYear"
            loading={false}
            priority="default"
            size="medium"
            type="button"
            variant="default"
          />
        </div>
        <Button
          block={false}
          clickHandler={[Function]}
          disabled={false}
          icon="expand_more"
          iconPosition="before"
          isLabelVisible={false}
          label=""
          loading={false}
          priority="default"
          size="medium"
          type="button"
          variant="default"
        />
      </div>
    </div>
  </div>
</Connect(LayoutComponent)>
`;
