// Jest Snapshot v1, https://goo.gl/fbAQLP

exports[`rendering renders correctly 1`] = `
<Connect(LayoutComponent)
  loading={false}
  title="Work logs"
>
  <WorkLogCalendar
    addWorkLog={[Function]}
    changeSelectedDate={[Function]}
    deleteWorkLog={[Function]}
    isPostingWorkLog={false}
    selectedDate={"2018-06-13T15:30:12.257Z"}
    workHoursList={Immutable.List []}
    workMonth={null}
    workMonthList={Immutable.List []}
  />
</Connect(LayoutComponent)>
`;
