// Jest Snapshot v1, https://goo.gl/fbAQLP

exports[`rendering renders correctly 1`] = `
<Connect(LayoutComponent)
  loading={false}
  title="Work logs"
>
  <WorkLogCalendar
    addWorkLog={[Function]}
    deleteWorkLog={[Function]}
    isPostingWorkLog={false}
    onSelectedDateChanged={[Function]}
    workLogList={Immutable.List []}
  />
</Connect(LayoutComponent)>
`;
