// Jest Snapshot v1, https://goo.gl/fbAQLP

exports[`rendering renders correctly 1`] = `
<div>
  <h2>
    Work log
  </h2>
  <WorkLogCalendar
    addWorkLog={[Function]}
    deleteWorkLog={[Function]}
    isPostingWorkLog={false}
    onSelectedDateChanged={[Function]}
    workLogList={Immutable.List []}
  />
</div>
`;
