// Jest Snapshot v1, https://goo.gl/fbAQLP

exports[`rendering renders correctly 1`] = `
<Connect(LayoutComponent)
  loading={false}
  title="user:title.addUser"
>
  <form
    className="detailPageWrapper"
  >
    <List
      align="left"
      autoWidth={false}
    >
      <ListItem>
        <ForwardRef(withForwardedRef(TextField))
          changeHandler={[Function]}
          fullWidth={true}
          helperText={null}
          id="firstName"
          label="user:element.firstName"
          required={true}
          validationState={null}
          value=""
        />
      </ListItem>
      <ListItem>
        <ForwardRef(withForwardedRef(TextField))
          changeHandler={[Function]}
          fullWidth={true}
          helperText={null}
          id="lastName"
          label="user:element.lastName"
          required={true}
          validationState={null}
          value=""
        />
      </ListItem>
      <ListItem>
        <ForwardRef(withForwardedRef(SelectField))
          changeHandler={[Function]}
          fullWidth={true}
          helperText={null}
          id="supervisor"
          label="user:element.supervisor"
          options={
            Array [
              Object {
                "label": "",
                "value": null,
              },
            ]
          }
          validationState={null}
          value=""
        />
      </ListItem>
      <ListItem>
        <ForwardRef(withForwardedRef(TextField))
          changeHandler={[Function]}
          fullWidth={true}
          helperText={null}
          id="email"
          label="user:element.email"
          required={true}
          validationState={null}
          value=""
        />
      </ListItem>
      <ListItem>
        <ForwardRef(withForwardedRef(TextField))
          changeHandler={[Function]}
          fullWidth={true}
          helperText={null}
          id="employeeId"
          label="user:element.employeeId"
          required={true}
          validationState={null}
          value=""
        />
      </ListItem>
      <ListItem>
        <ForwardRef(withForwardedRef(TextField))
          changeHandler={[Function]}
          fullWidth={true}
          helperText={null}
          id="plainPassword"
          label="user:element.plainPassword"
          required={true}
          type="password"
          validationState={null}
          value=""
        />
      </ListItem>
      <ListItem>
        <ForwardRef(withForwardedRef(CheckboxField))
          changeHandler={[Function]}
          checked={false}
          error={null}
          id="isActive"
          label="user:element.isActive"
          required={true}
        />
      </ListItem>
      <h2
        className="detailSubheader"
      >
        user:text.vacationDays
      </h2>
      <h2
        className="detailSubheader"
      >
        user:text.averageWorkingHoursTitle
      </h2>
      <p>
        user:text.averageWorkingHoursDescription
      </p>
      <ListItem>
        <ForwardRef(withForwardedRef(Button))
          clickHandler={[Function]}
          label="general:action.save"
          loadingIcon={null}
        />
      </ListItem>
    </List>
  </form>
</Connect(LayoutComponent)>
`;
