// Jest Snapshot v1, https://goo.gl/fbAQLP

exports[`rendering renders correctly 1`] = `
<Connect(LayoutComponent)
  loading={false}
  title="user:title.editUser"
>
  <div
    className="actions"
  >
    <Button
      block={false}
      clickHandler={[Function]}
      disabled={false}
      icon={null}
      iconPosition="before"
      isLabelVisible={true}
      label="user:action.deleteUser"
      loading={false}
      priority="primary"
      size="medium"
      type="button"
      variant="danger"
    />
  </div>
  <form>
    <p
      style={
        Object {
          "color": "#a32100",
          "textAlign": "center",
        }
      }
    />
    <TextField
      changeHandler={[Function]}
      description={null}
      disabled={false}
      error={null}
      fieldId="firstName"
      isLabelVisible={true}
      label="user:element.firstName"
      placeholder={null}
      required={true}
      type="text"
      value=""
    />
    <TextField
      changeHandler={[Function]}
      description={null}
      disabled={false}
      error={null}
      fieldId="lastName"
      isLabelVisible={true}
      label="user:element.lastName"
      placeholder={null}
      required={true}
      type="text"
      value=""
    />
    <SelectField
      changeHandler={[Function]}
      description={null}
      disabled={false}
      error={null}
      fieldId="supervisor"
      isLabelVisible={true}
      label="user:element.supervisor"
      options={
        Array [
          Object {
            "label": "",
            "value": null,
          },
        ]
      }
      required={false}
      value=""
    />
    <TextField
      changeHandler={[Function]}
      description={null}
      disabled={true}
      error={null}
      fieldId="email"
      isLabelVisible={true}
      label="user:element.email"
      placeholder={null}
      required={true}
      type="text"
      value=""
    />
    <TextField
      changeHandler={[Function]}
      description={null}
      disabled={false}
      error={null}
      fieldId="employeeId"
      isLabelVisible={true}
      label="user:element.employeeId"
      placeholder={null}
      required={true}
      type="text"
      value=""
    />
    <TextField
      changeHandler={[Function]}
      description={null}
      disabled={false}
      error={null}
      fieldId="plainPassword"
      isLabelVisible={true}
      label="user:element.plainPassword"
      placeholder={null}
      required={false}
      type="password"
      value=""
    />
    <CheckboxField
      changeHandler={[Function]}
      checked={false}
      description={null}
      disabled={false}
      error={null}
      fieldId="isActive"
      label="user:element.isActive"
      required={true}
    />
    <TextField
      changeHandler={[Function]}
      description={null}
      disabled={false}
      error={null}
      fieldId="vacationDays"
      isLabelVisible={true}
      label="user:element.vacationDays"
      placeholder={null}
      required={false}
      type="text"
      value="0"
    />
    <h2>
      user:text.averageWorkingHoursTitle
    </h2>
    <p>
      user:text.averageWorkingHoursDescription
    </p>
    <TextField
      changeHandler={[Function]}
      description={null}
      disabled={false}
      error={null}
      fieldId="2018"
      isLabelVisible={true}
      key="2018"
      label="2018"
      placeholder={null}
      required={false}
      type="text"
      value=""
    />
    <TextField
      changeHandler={[Function]}
      description={null}
      disabled={false}
      error={null}
      fieldId="2019"
      isLabelVisible={true}
      key="2019"
      label="2019"
      placeholder={null}
      required={false}
      type="text"
      value=""
    />
    <TextField
      changeHandler={[Function]}
      description={null}
      disabled={false}
      error={null}
      fieldId="2020"
      isLabelVisible={true}
      key="2020"
      label="2020"
      placeholder={null}
      required={false}
      type="text"
      value=""
    />
    <TextField
      changeHandler={[Function]}
      description={null}
      disabled={false}
      error={null}
      fieldId="2021"
      isLabelVisible={true}
      key="2021"
      label="2021"
      placeholder={null}
      required={false}
      type="text"
      value=""
    />
    <Button
      block={false}
      clickHandler={[Function]}
      disabled={false}
      icon={null}
      iconPosition="before"
      isLabelVisible={true}
      label="general:action.save"
      loading={false}
      priority="primary"
      size="medium"
      type="button"
      variant="default"
    />
  </form>
</Connect(LayoutComponent)>
`;
