// Jest Snapshot v1, https://goo.gl/fbAQLP

exports[`rendering renders correctly 1`] = `
<Connect(LayoutComponent)
  loading={false}
  title="user:title.users"
>
  <div
    className="actions"
  >
    <ForwardRef(withForwardedRef(WithProviderContextComponent))
      label="user:action.addUser"
      onClick={[Function]}
    />
  </div>
  <WithProviderContextComponent
    direction="horizontal"
  >
    <WithProviderContextComponent
      columns={
        Array [
          Object {
            "format": [Function],
            "isSortable": true,
            "label": "user:element.name",
            "name": "lastName",
          },
          Object {
            "format": [Function],
            "isSortable": true,
            "label": "user:element.supervisor",
            "name": "supervisor.lastName",
          },
          Object {
            "format": [Function],
            "isSortable": false,
            "label": "user:element.endMonthStatus",
            "name": "endMonth",
          },
          Object {
            "format": [Function],
            "isSortable": false,
            "label": "user:element.vacationDaysUsed",
            "name": "vacationDaysUsed",
          },
          Object {
            "format": [Function],
            "label": "user:element.monthlyLogs",
            "name": "showWorkLog",
          },
        ]
      }
      rows={Array []}
      sort={
        Object {
          "ascendingIcon": <Icon
            icon="arrow_upward"
            size="medium"
          />,
          "column": "lastName",
          "descendingIcon": <Icon
            icon="arrow_downward"
            size="medium"
          />,
          "direction": "asc",
          "onClick": [Function],
        }
      }
    />
  </WithProviderContextComponent>
</Connect(LayoutComponent)>
`;
