// Jest Snapshot v1, https://goo.gl/fbAQLP

exports[`rendering renders correctly 1`] = `
<Connect(LayoutComponent)
  loading={false}
  title="user:title.users"
>
  <div
    className="actions"
  >
    <Button
      block={false}
      clickHandler={[Function]}
      disabled={false}
      icon={null}
      iconPosition="before"
      label="user:action.addUser"
      labelVisibility="all"
      loading={false}
      priority="primary"
      size="medium"
      type="button"
      variant="default"
    />
  </div>
  <Table
    columns={
      Array [
        Object {
          "format": [Function],
          "isSortable": true,
          "label": "user:element.name",
          "name": "lastName",
        },
        Object {
          "format": [Function],
          "isSortable": true,
          "label": "user:element.supervisor",
          "name": "supervisor.lastName",
        },
        Object {
          "format": [Function],
          "isSortable": false,
          "label": "user:element.workedAndRequiredHours",
          "name": "requiredWorkedHours",
        },
        Object {
          "format": [Function],
          "isSortable": false,
          "label": "user:element.vacationDaysUsed",
          "name": "vacationDaysUsed",
        },
      ]
    }
    rows={Array []}
    sort={
      Object {
        "changeHandler": [Function],
        "column": "lastName",
        "direction": "asc",
      }
    }
  />
</Connect(LayoutComponent)>
`;
