// Jest Snapshot v1, https://goo.gl/fbAQLP

exports[`rendering renders correctly 1`] = `
<Connect(LayoutComponent)
  loading={false}
  title="user:title.profile"
>
  <div>
    <div
      className="centeredLayout"
    >
      <div
        className="responsiveTable"
      >
        <table
          className="table"
        >
          <tbody>
            <tr>
              <td
                className="profileTableTitle"
              >
                user:element.firstName
              </td>
              <td
                className="profileTableValue"
              >
                First
              </td>
            </tr>
            <tr>
              <td
                className="profileTableTitle"
              >
                user:element.lastName
              </td>
              <td
                className="profileTableValue"
              >
                Last
              </td>
            </tr>
            <tr>
              <td
                className="profileTableTitle"
              >
                user:element.supervisor
              </td>
              <td
                className="profileTableValue"
              >
                -
              </td>
            </tr>
            <tr>
              <td
                className="profileTableTitle"
              >
                user:element.email
              </td>
              <td
                className="profileTableValue"
              >
                employee@example.com
              </td>
            </tr>
            <tr>
              <td
                className="profileTableTitle"
              >
                user:element.employeeId
              </td>
              <td
                className="profileTableValue"
              />
            </tr>
            <tr>
              <td
                colSpan={2}
              />
            </tr>
            <tr>
              <td
                className="profileTableTitle"
              >
                user:element.apiToken
              </td>
              <td
                className="profileTableValue"
              >
                <Button
                  block={false}
                  clickHandler={[Function]}
                  disabled={false}
                  icon="open_in_new"
                  iconPosition="before"
                  isLabelVisible={true}
                  label="user:action.showApiToken"
                  labelVisibility="none"
                  loading={false}
                  priority="primary"
                  size="small"
                  type="button"
                  variant="default"
                />
                <div
                  className="apiTokenButtonsWrapper"
                >
                  <div
                    className="apiTokenButton"
                  >
                    <Button
                      block={false}
                      clickHandler={[Function]}
                      disabled={false}
                      icon="autorenew"
                      iconPosition="before"
                      isLabelVisible={true}
                      label="user:action.renewApiToken"
                      labelVisibility="none"
                      loading={false}
                      priority="primary"
                      size="small"
                      type="button"
                      variant="default"
                    />
                  </div>
                  <div
                    className="apiTokenButton"
                  >
                    <Button
                      block={false}
                      clickHandler={[Function]}
                      disabled={false}
                      icon="clear"
                      iconPosition="before"
                      isLabelVisible={true}
                      label="user:action.resetApiToken"
                      labelVisibility="none"
                      loading={false}
                      priority="primary"
                      size="small"
                      type="button"
                      variant="danger"
                    />
                  </div>
                </div>
              </td>
            </tr>
          </tbody>
        </table>
      </div>
      <h3
        className="h2"
      >
        user:text.vacationDays
      </h3>
      <div
        className="responsiveTable"
      >
        <table
          className="table"
        >
          <thead>
            <tr>
              <th>
                vacation:text.year
              </th>
              <th>
                vacation:text.total
              </th>
              <th>
                vacation:text.correction
              </th>
              <th>
                vacation:text.used
              </th>
              <th>
                vacation:text.remaining
              </th>
            </tr>
          </thead>
          <tbody>
            <tr>
              <td
                className="vacationTableFirstCell"
              >
                2018
              </td>
              <td
                className="vacationTableCell"
              >
                20
              </td>
              <td
                className="vacationTableCell"
              >
                -5
              </td>
              <td
                className="vacationTableCell"
              >
                5
              </td>
              <td
                className="vacationTableCell"
              >
                10
              </td>
            </tr>
            <tr>
              <td
                className="vacationTableFirstCell"
              >
                2019
              </td>
              <td
                className="vacationTableCell"
              >
                20
              </td>
              <td
                className="vacationTableCell"
              >
                -5
              </td>
              <td
                className="vacationTableCell"
              >
                5
              </td>
              <td
                className="vacationTableCell"
              >
                10
              </td>
            </tr>
            <tr>
              <td
                className="vacationTableFirstCell"
              >
                2020
              </td>
              <td
                className="vacationTableCell"
              >
                20
              </td>
              <td
                className="vacationTableCell"
              >
                -5
              </td>
              <td
                className="vacationTableCell"
              >
                5
              </td>
              <td
                className="vacationTableCell"
              >
                10
              </td>
            </tr>
            <tr>
              <td
                className="vacationTableFirstCell"
              >
                2021
              </td>
              <td
                className="vacationTableCell"
              >
                20
              </td>
              <td
                className="vacationTableCell"
              >
                -5
              </td>
              <td
                className="vacationTableCell"
              >
                5
              </td>
              <td
                className="vacationTableCell"
              >
                10
              </td>
            </tr>
          </tbody>
        </table>
      </div>
      <h3
        className="h2"
      >
        user:text.averageWorkingHoursTitle
      </h3>
      <div
        className="responsiveTable"
      >
        <table
          className="workHoursTable"
        >
          <thead>
            <tr>
              <th />
              <th>
                1
              </th>
              <th>
                2
              </th>
              <th>
                3
              </th>
              <th>
                4
              </th>
              <th>
                5
              </th>
              <th>
                6
              </th>
              <th>
                7
              </th>
              <th>
                8
              </th>
              <th>
                9
              </th>
              <th>
                10
              </th>
              <th>
                11
              </th>
              <th>
                12
              </th>
            </tr>
          </thead>
          <tbody>
            <tr>
              <td>
                2018
              </td>
            </tr>
            <tr>
              <td>
                2019
              </td>
            </tr>
            <tr>
              <td>
                2020
              </td>
            </tr>
            <tr>
              <td>
                2021
              </td>
            </tr>
          </tbody>
        </table>
      </div>
      <h3
        className="h2"
      >
        user:text.notificationSettings
      </h3>
      <h3
        className="h3"
      >
        user:text.supervisorInfo
      </h3>
      <div
        className="responsiveTable"
      >
        <table
          className="table"
        >
          <tbody>
            <tr>
              <td
                className="notificationSettingsDay"
              >
                general:text.Monday
              </td>
              <td
                className="notificationSettingsCheckbox"
              >
                <CheckboxField
                  changeHandler={[Function]}
                  checked={false}
                  description={null}
                  disabled={false}
                  error={null}
                  fieldId="supervisorInfoMondayTime"
                  isLabelVisible={false}
                  label=""
                  required={false}
                />
              </td>
              <td
                className="notificationSettingsInput"
              >
                <TextField
                  changeHandler={[Function]}
                  description={null}
                  disabled={true}
                  error={null}
                  fieldId="supervisorInfoMondayTime"
                  isLabelVisible={false}
                  label=""
                  placeholder={null}
                  required={false}
                  type="time"
                  value=""
                />
              </td>
            </tr>
            <tr>
              <td
                className="notificationSettingsDay"
              >
                general:text.Tuesday
              </td>
              <td
                className="notificationSettingsCheckbox"
              >
                <CheckboxField
                  changeHandler={[Function]}
                  checked={false}
                  description={null}
                  disabled={false}
                  error={null}
                  fieldId="supervisorInfoTuesdayTime"
                  isLabelVisible={false}
                  label=""
                  required={false}
                />
              </td>
              <td
                className="notificationSettingsInput"
              >
                <TextField
                  changeHandler={[Function]}
                  description={null}
                  disabled={true}
                  error={null}
                  fieldId="supervisorInfoTuesdayTime"
                  isLabelVisible={false}
                  label=""
                  placeholder={null}
                  required={false}
                  type="time"
                  value=""
                />
              </td>
            </tr>
            <tr>
              <td
                className="notificationSettingsDay"
              >
                general:text.Wednesday
              </td>
              <td
                className="notificationSettingsCheckbox"
              >
                <CheckboxField
                  changeHandler={[Function]}
                  checked={false}
                  description={null}
                  disabled={false}
                  error={null}
                  fieldId="supervisorInfoWednesdayTime"
                  isLabelVisible={false}
                  label=""
                  required={false}
                />
              </td>
              <td
                className="notificationSettingsInput"
              >
                <TextField
                  changeHandler={[Function]}
                  description={null}
                  disabled={true}
                  error={null}
                  fieldId="supervisorInfoWednesdayTime"
                  isLabelVisible={false}
                  label=""
                  placeholder={null}
                  required={false}
                  type="time"
                  value=""
                />
              </td>
            </tr>
            <tr>
              <td
                className="notificationSettingsDay"
              >
                general:text.Thursday
              </td>
              <td
                className="notificationSettingsCheckbox"
              >
                <CheckboxField
                  changeHandler={[Function]}
                  checked={false}
                  description={null}
                  disabled={false}
                  error={null}
                  fieldId="supervisorInfoThursdayTime"
                  isLabelVisible={false}
                  label=""
                  required={false}
                />
              </td>
              <td
                className="notificationSettingsInput"
              >
                <TextField
                  changeHandler={[Function]}
                  description={null}
                  disabled={true}
                  error={null}
                  fieldId="supervisorInfoThursdayTime"
                  isLabelVisible={false}
                  label=""
                  placeholder={null}
                  required={false}
                  type="time"
                  value=""
                />
              </td>
            </tr>
            <tr>
              <td
                className="notificationSettingsDay"
              >
                general:text.Friday
              </td>
              <td
                className="notificationSettingsCheckbox"
              >
                <CheckboxField
                  changeHandler={[Function]}
                  checked={false}
                  description={null}
                  disabled={false}
                  error={null}
                  fieldId="supervisorInfoFridayTime"
                  isLabelVisible={false}
                  label=""
                  required={false}
                />
              </td>
              <td
                className="notificationSettingsInput"
              >
                <TextField
                  changeHandler={[Function]}
                  description={null}
                  disabled={true}
                  error={null}
                  fieldId="supervisorInfoFridayTime"
                  isLabelVisible={false}
                  label=""
                  placeholder={null}
                  required={false}
                  type="time"
                  value=""
                />
              </td>
            </tr>
            <tr>
              <td
                className="notificationSettingsDay"
              >
                general:text.Saturday
              </td>
              <td
                className="notificationSettingsCheckbox"
              >
                <CheckboxField
                  changeHandler={[Function]}
                  checked={false}
                  description={null}
                  disabled={false}
                  error={null}
                  fieldId="supervisorInfoSaturdayTime"
                  isLabelVisible={false}
                  label=""
                  required={false}
                />
              </td>
              <td
                className="notificationSettingsInput"
              >
                <TextField
                  changeHandler={[Function]}
                  description={null}
                  disabled={true}
                  error={null}
                  fieldId="supervisorInfoSaturdayTime"
                  isLabelVisible={false}
                  label=""
                  placeholder={null}
                  required={false}
                  type="time"
                  value=""
                />
              </td>
            </tr>
            <tr>
              <td
                className="notificationSettingsDay"
              >
                general:text.Sunday
              </td>
              <td
                className="notificationSettingsCheckbox"
              >
                <CheckboxField
                  changeHandler={[Function]}
                  checked={false}
                  description={null}
                  disabled={false}
                  error={null}
                  fieldId="supervisorInfoSundayTime"
                  isLabelVisible={false}
                  label=""
                  required={false}
                />
              </td>
              <td
                className="notificationSettingsInput"
              >
                <TextField
                  changeHandler={[Function]}
                  description={null}
                  disabled={true}
                  error={null}
                  fieldId="supervisorInfoSundayTime"
                  isLabelVisible={false}
                  label=""
                  placeholder={null}
                  required={false}
                  type="time"
                  value=""
                />
              </td>
            </tr>
            <tr>
              <td
                colSpan={3}
              />
            </tr>
            <tr>
              <td
                className="notificationSettingsDay"
              >
                user:element.supervisorInfoSendOnHolidays
              </td>
              <td
                className="notificationSettingsCheckbox"
              >
                <CheckboxField
                  changeHandler={[Function]}
                  checked={false}
                  description={null}
                  disabled={false}
                  error={null}
                  fieldId="supervisorInfoSendOnHolidays"
                  isLabelVisible={false}
                  label=""
                  required={false}
                />
              </td>
              <td
                className="notificationSettingsInput"
              />
            </tr>
          </tbody>
        </table>
      </div>
      <div
        className="saveButton"
      >
        <Button
          block={false}
          clickHandler={[Function]}
          disabled={true}
          icon={null}
          iconPosition="before"
          isLabelVisible={true}
          label="general:action.save"
          loading={false}
          priority="primary"
          size="medium"
          type="button"
          variant="default"
        />
      </div>
    </div>
  </div>
</Connect(LayoutComponent)>
`;
