// Jest Snapshot v1, https://goo.gl/fbAQLP

exports[`rendering renders correctly 1`] = `
<Connect(LayoutComponent)
  loading={false}
  title="user:title.profile"
>
  <div
    className="profileTableWrap"
  >
    <table
      className="profileTable"
    >
      <tbody>
        <tr>
          <td
            className="profileTableTitle"
          >
            user:element.firstName
          </td>
          <td
            className="profileTableValue"
          >
            First
          </td>
        </tr>
        <tr>
          <td
            className="profileTableTitle"
          >
            user:element.lastName
          </td>
          <td
            className="profileTableValue"
          >
            Last
          </td>
        </tr>
        <tr>
          <td
            className="profileTableTitle"
          >
            user:element.supervisor
          </td>
          <td
            className="profileTableValue"
          >
            -
          </td>
        </tr>
        <tr>
          <td
            className="profileTableTitle"
          >
            user:element.email
          </td>
          <td
            className="profileTableValue"
          >
            employee@example.com
          </td>
        </tr>
        <tr>
          <td
            className="profileTableTitle"
          >
            user:element.employeeId
          </td>
          <td
            className="profileTableValue"
          />
        </tr>
        <tr>
          <td
            colSpan={2}
          />
        </tr>
        <tr>
          <td
            className="profileTableTitle"
          >
            user:element.apiToken
          </td>
          <td
            className="profileTableValue"
          >
            <Button
              block={false}
              clickHandler={[Function]}
              disabled={false}
              icon="open_in_new"
              iconPosition="before"
              isLabelVisible={true}
              label="user:action.showApiToken"
              labelVisibility="none"
              loading={false}
              priority="primary"
              size="small"
              type="button"
              variant="default"
            />
            <div
              className="apiTokenButtonsWrapper"
            >
              <div
                className="apiTokenButton"
              >
                <Button
                  block={false}
                  clickHandler={[Function]}
                  disabled={false}
                  icon="autorenew"
                  iconPosition="before"
                  isLabelVisible={true}
                  label="user:action.renewApiToken"
                  labelVisibility="none"
                  loading={false}
                  priority="primary"
                  size="small"
                  type="button"
                  variant="default"
                />
              </div>
              <div
                className="apiTokenButton"
              >
                <Button
                  block={false}
                  clickHandler={[Function]}
                  disabled={false}
                  icon="clear"
                  iconPosition="before"
                  isLabelVisible={true}
                  label="user:action.resetApiToken"
                  labelVisibility="none"
                  loading={false}
                  priority="primary"
                  size="small"
                  type="button"
                  variant="danger"
                />
              </div>
            </div>
          </td>
        </tr>
      </tbody>
    </table>
    <h3
      className="vacationDaysTitle"
    >
      user:text.vacationDays
    </h3>
    <div
      className="responsiveTable"
    >
      <table
        className="vacationTable"
      >
        <thead>
          <tr>
            <th>
              vacation:text.year
            </th>
            <th>
              vacation:text.total
            </th>
            <th>
              vacation:text.used
            </th>
            <th>
              vacation:text.remaining
            </th>
          </tr>
        </thead>
        <tbody>
          <tr
            key="2018"
          >
            <td
              className="vacationTableFirstCell"
            >
              2018
            </td>
            <td
              className="vacationTableCell"
            >
              20
            </td>
            <td
              className="vacationTableCell"
            >
              10
            </td>
            <td
              className="vacationTableCell"
            >
              10
            </td>
          </tr>
          <tr
            key="2019"
          >
            <td
              className="vacationTableFirstCell"
            >
              2019
            </td>
            <td
              className="vacationTableCell"
            >
              20
            </td>
            <td
              className="vacationTableCell"
            >
              10
            </td>
            <td
              className="vacationTableCell"
            >
              10
            </td>
          </tr>
          <tr
            key="2020"
          >
            <td
              className="vacationTableFirstCell"
            >
              2020
            </td>
            <td
              className="vacationTableCell"
            >
              20
            </td>
            <td
              className="vacationTableCell"
            >
              10
            </td>
            <td
              className="vacationTableCell"
            >
              10
            </td>
          </tr>
          <tr
            key="2021"
          >
            <td
              className="vacationTableFirstCell"
            >
              2021
            </td>
            <td
              className="vacationTableCell"
            >
              20
            </td>
            <td
              className="vacationTableCell"
            >
              10
            </td>
            <td
              className="vacationTableCell"
            >
              10
            </td>
          </tr>
        </tbody>
      </table>
    </div>
    <h3
      className="workHoursTitle"
    >
      user:text.averageWorkingHoursTitle
    </h3>
    <div
      className="responsiveTable"
    >
      <table
        className="workHoursTable"
      >
        <thead>
          <tr>
            <th />
            <th
              key="1"
            >
              1
            </th>
            <th
              key="2"
            >
              2
            </th>
            <th
              key="3"
            >
              3
            </th>
            <th
              key="4"
            >
              4
            </th>
            <th
              key="5"
            >
              5
            </th>
            <th
              key="6"
            >
              6
            </th>
            <th
              key="7"
            >
              7
            </th>
            <th
              key="8"
            >
              8
            </th>
            <th
              key="9"
            >
              9
            </th>
            <th
              key="10"
            >
              10
            </th>
            <th
              key="11"
            >
              11
            </th>
            <th
              key="12"
            >
              12
            </th>
          </tr>
        </thead>
        <tbody>
          <tr
            key="2018"
          >
            <td>
              2018
            </td>
          </tr>
          <tr
            key="2019"
          >
            <td>
              2019
            </td>
          </tr>
          <tr
            key="2020"
          >
            <td>
              2020
            </td>
          </tr>
          <tr
            key="2021"
          >
            <td>
              2021
            </td>
          </tr>
        </tbody>
      </table>
    </div>
  </div>
</Connect(LayoutComponent)>
`;
