// Jest Snapshot v1, https://goo.gl/fbAQLP

exports[`rendering renders correctly 1`] = `
<Connect(LayoutComponent)
  title="specialApproval:title.recentSpecialApprovals"
>
  <div
    className="infoText"
  >
    specialApproval:text.recentSpecialApprovalsBeginningPart
     
    <Link
      replace={false}
      to="/special-approvals"
    >
      specialApproval:text.recentSpecialApprovals
    </Link>
     
    specialApproval:text.recentSpecialApprovalsClosingPart
  </div>
  <SpecialApprovalListComponent
    businessTripWorkLog={null}
    fetchBusinessTripWorkLog={[Function]}
    fetchHomeOfficeWorkLog={[Function]}
    fetchOvertimeWorkLog={[Function]}
    fetchSpecialApprovalList={[Function]}
    fetchTimeOffWorkLog={[Function]}
    fetchVacationWorkLog={[Function]}
    homeOfficeWorkLog={null}
    isFetching={false}
    isPosting={false}
    markBusinessTripWorkLogApproved={[Function]}
    markBusinessTripWorkLogRejected={[Function]}
    markHomeOfficeWorkLogApproved={[Function]}
    markHomeOfficeWorkLogRejected={[Function]}
    markOvertimeWorkLogApproved={[Function]}
    markOvertimeWorkLogRejected={[Function]}
    markTimeOffWorkLogApproved={[Function]}
    markTimeOffWorkLogRejected={[Function]}
    markVacationWorkLogApproved={[Function]}
    markVacationWorkLogRejected={[Function]}
    overtimeWorkLog={null}
    specialApprovalList={
      Immutable.Map {
        "businessTripWorkLogs": Immutable.List [],
        "homeOfficeWorkLogs": Immutable.List [],
        "overtimeWorkLogs": Immutable.List [],
        "timeOffWorkLogs": Immutable.List [],
        "vacationWorkLogs": Immutable.List [],
      }
    }
    t={[Function]}
    timeOffWorkLog={null}
    token="token"
    vacationWorkLog={null}
  />
</Connect(LayoutComponent)>
`;
