// Jest Snapshot v1, https://goo.gl/fbAQLP

exports[`rendering renders correctly 1`] = `
<Connect(LayoutComponent)
  title="specialApproval:title.recentSpecialApprovals"
>
  <div
    className="infoText"
  >
    specialApproval:text.recentSpecialApprovalsBeginningPart
     
    <Link
      to="/special-approvals"
    >
      specialApproval:text.recentSpecialApprovals
    </Link>
     
    specialApproval:text.recentSpecialApprovalsClosingPart
  </div>
  <SpecialApprovalListComponent
    businessTripWorkLog={null}
    config={
      Immutable.Map {
        "supportedHolidays": Immutable.List [
          "2018-01-01T00:00:00.000Z",
          "2018-12-24T00:00:00.000Z",
          "2018-12-25T00:00:00.000Z",
          "2018-12-26T00:00:00.000Z",
          "2018-12-31T00:00:00.000Z",
        ],
        "supportedYears": Immutable.List [
          2018,
          2019,
          2020,
          2021,
        ],
        "workedHoursLimits": Immutable.Map {
          "lowerLimit": Immutable.Map {
            "changeBy": -1800,
            "limit": 21600,
          },
          "upperLimit": Immutable.Map {
            "changeBy": -2700,
            "limit": 32400,
          },
        },
      }
    }
    fetchBusinessTripWorkLog={[Function]}
    fetchConfig={[Function]}
    fetchHomeOfficeWorkLog={[Function]}
    fetchOvertimeWorkLog={[Function]}
    fetchSpecialApprovalList={[Function]}
    fetchTimeOffWorkLog={[Function]}
    fetchVacationWorkLog={[Function]}
    homeOfficeWorkLog={null}
    isFetching={false}
    isPosting={false}
    markBusinessTripWorkLogApproved={[Function]}
    markBusinessTripWorkLogRejected={[Function]}
    markHomeOfficeWorkLogApproved={[Function]}
    markHomeOfficeWorkLogRejected={[Function]}
    markMultipleVacationWorkLogApproved={[Function]}
    markMultipleVacationWorkLogRejected={[Function]}
    markOvertimeWorkLogApproved={[Function]}
    markOvertimeWorkLogRejected={[Function]}
    markTimeOffWorkLogApproved={[Function]}
    markTimeOffWorkLogRejected={[Function]}
    markVacationWorkLogApproved={[Function]}
    markVacationWorkLogRejected={[Function]}
    overtimeWorkLog={null}
    specialApprovalList={
      Immutable.Map {
        "businessTripWorkLogs": Immutable.List [],
        "homeOfficeWorkLogs": Immutable.List [],
        "overtimeWorkLogs": Immutable.List [],
        "timeOffWorkLogs": Immutable.List [],
        "vacationWorkLogs": Immutable.List [],
      }
    }
    t={[Function]}
    timeOffWorkLog={null}
    token="token"
    vacationWorkLog={null}
  />
</Connect(LayoutComponent)>
`;
