// Jest Snapshot v1, https://goo.gl/fbAQLP

exports[`rendering renders correctly 1`] = `
<Connect(LayoutComponent)
  loading={false}
  title="Supervised users"
>
  <div>
    You do not seem to be supervising anyone. Please contact HR in case you think this is a mistake.
  </div>
</Connect(LayoutComponent)>
`;
