// Jest Snapshot v1, https://goo.gl/fbAQLP

exports[`rendering renders correctly 1`] = `
<Connect(LayoutComponent)
  loading={false}
  title="Work logs"
>
  <WorkLogCalendar
    addBusinessTripWorkLog={[Function]}
    addHomeOfficeWorkLog={[Function]}
    addTimeOffWorkLog={[Function]}
    addWorkLog={[Function]}
    changeSelectedDate={[Function]}
    deleteWorkLog={[Function]}
    isPosting={false}
    markApproved={[Function]}
    markWaitingForApproval={[Function]}
    selectedDate={"2018-01-01T00:00:00.000Z"}
    supervisorView={true}
    workHoursList={Immutable.List []}
    workMonth={null}
    workMonthList={Immutable.List []}
  />
</Connect(LayoutComponent)>
`;
