// Jest Snapshot v1, https://goo.gl/fbAQLP

exports[`rendering renders correctly 1`] = `
<Connect(LayoutComponent)
  loading={false}
  title="Work logs"
>
  <WorkLogCalendar
    addBusinessTripWorkLog={[Function]}
    addHomeOfficeWorkLog={[Function]}
    addOvertimeWorkLog={[Function]}
    addSickDayWorkLog={[Function]}
    addTimeOffWorkLog={[Function]}
    addVacationWorkLog={[Function]}
    addWorkLog={[Function]}
    businessTripWorkLog={null}
    changeSelectedDate={[Function]}
    deleteBusinessTripWorkLog={[Function]}
    deleteHomeOfficeWorkLog={[Function]}
    deleteOvertimeWorkLog={[Function]}
    deleteSickDayWorkLog={[Function]}
    deleteTimeOffWorkLog={[Function]}
    deleteVacationWorkLog={[Function]}
    deleteWorkLog={[Function]}
    fetchBusinessTripWorkLog={[Function]}
    fetchHomeOfficeWorkLog={[Function]}
    fetchOvertimeWorkLog={[Function]}
    fetchSickDayWorkLog={[Function]}
    fetchTimeOffWorkLog={[Function]}
    fetchVacationWorkLog={[Function]}
    fetchWorkLog={[Function]}
    homeOfficeWorkLog={null}
    isPosting={false}
    markApproved={[Function]}
    markWaitingForApproval={[Function]}
    overtimeWorkLog={null}
    selectedDate={"2018-01-01T00:00:00.000Z"}
    sickDayWorkLog={null}
    supervisorView={true}
    timeOffWorkLog={null}
    vacationWorkLog={null}
    workHoursList={Immutable.List []}
    workLog={null}
    workMonth={null}
    workMonthList={Immutable.List []}
  />
</Connect(LayoutComponent)>
`;
