// Jest Snapshot v1, https://goo.gl/fbAQLP

exports[`rendering renders correctly 1`] = `
<Connect(LayoutComponent)
  loading={false}
  title="workLog:title.workLogs"
>
  <WorkLogCalendar
    addBusinessTripWorkLog={[Function]}
    addHomeOfficeWorkLog={[Function]}
    addMultipleBanWorkLogs={[Function]}
    addMultipleBusinessTripWorkLog={[Function]}
    addMultipleHomeOfficeWorkLog={[Function]}
    addMultipleMaternityProtectionWorkLogs={[Function]}
    addMultipleParentalLeaveWorkLogs={[Function]}
    addMultipleSickDayUnpaidWorkLogs={[Function]}
    addMultipleSickDayWorkLog={[Function]}
    addMultipleSpecialLeaveWorkLog={[Function]}
    addMultipleTimeOffWorkLog={[Function]}
    addMultipleVacationWorkLog={[Function]}
    addOvertimeWorkLog={[Function]}
    addSickDayWorkLog={[Function]}
    addSpecialLeaveWorkLog={[Function]}
    addTimeOffWorkLog={[Function]}
    addVacationWorkLog={[Function]}
    addWorkLog={[Function]}
    changeSelectedDate={[Function]}
    config={
      Immutable.Map {
        "supportedHolidays": Immutable.List [
          "2018-01-01T00:00:00.000Z",
          "2018-12-24T00:00:00.000Z",
          "2018-12-25T00:00:00.000Z",
          "2018-12-26T00:00:00.000Z",
          "2018-12-31T00:00:00.000Z",
        ],
        "supportedYears": Immutable.List [
          2018,
          2019,
          2020,
          2021,
        ],
        "workedHoursLimits": Immutable.Map {
          "lowerLimit": Immutable.Map {
            "changeBy": -900,
            "limit": 21600,
          },
          "mediumLimit": Immutable.Map {
            "changeBy": -1800,
            "limit": 22500,
          },
          "upperLimit": Immutable.Map {
            "changeBy": -2700,
            "limit": 32400,
          },
        },
      }
    }
    deleteBanWorkLog={[Function]}
    deleteBusinessTripWorkLog={[Function]}
    deleteHomeOfficeWorkLog={[Function]}
    deleteMaternityProtectionWorkLog={[Function]}
    deleteOvertimeWorkLog={[Function]}
    deleteParentalLeaveWorkLog={[Function]}
    deleteSickDayUnpaidWorkLog={[Function]}
    deleteSickDayWorkLog={[Function]}
    deleteSpecialLeaveWorkLog={[Function]}
    deleteTimeOffWorkLog={[Function]}
    deleteVacationWorkLog={[Function]}
    deleteWorkLog={[Function]}
    editBanWorkLog={[Function]}
    editBusinessTripWorkLog={[Function]}
    editHomeOfficeWorkLog={[Function]}
    editMaternityProtectionWorkLog={[Function]}
    editOvertimeWorkLog={[Function]}
    editParentalLeaveWorkLog={[Function]}
    editSickDayUnpaidWorkLog={[Function]}
    editSickDayWorkLog={[Function]}
    editSpecialLeaveWorkLog={[Function]}
    editTimeOffWorkLog={[Function]}
    editVacationWorkLog={[Function]}
    editWorkLog={[Function]}
    fetchBanWorkLog={[Function]}
    fetchBusinessTripWorkLog={[Function]}
    fetchHomeOfficeWorkLog={[Function]}
    fetchMaternityProtectionWorkLog={[Function]}
    fetchOvertimeWorkLog={[Function]}
    fetchParentalLeaveWorkLog={[Function]}
    fetchSickDayUnpaidWorkLog={[Function]}
    fetchSickDayWorkLog={[Function]}
    fetchSpecialLeaveWorkLog={[Function]}
    fetchTimeOffWorkLog={[Function]}
    fetchVacationWorkLog={[Function]}
    fetchWorkLog={[Function]}
    fetchWorkMonthList={[Function]}
    isPosting={false}
    markApproved={[Function]}
    markWaitingForApproval={[Function]}
    selectedDate={"2018-01-01T00:00:00.000Z"}
    setWorkTimeCorrection={[Function]}
    supervisorView={true}
    uid={1}
    userRoles={
      Array [
        "ROLE_SUPER_ADMIN",
        "ROLE_EMPLOYEE",
      ]
    }
    workHoursList={Immutable.List []}
    workMonthList={Immutable.List []}
  />
</Connect(LayoutComponent)>
`;
